
================================================================================

Memory Map of the image

  Image Entry point : 0x00000000

  Load Region ROM_LOAD (Base: 0x00000000, Size: 0x00047630, Max: 0x00800000, ABSOLUTE)

    Execution Region ROM1 (Base: 0x00000000, Size: 0x00044dbc, Max: 0x00800000, ABSOLUTE)

    Base Addr    Size         Type   Attr  Idx  E Section Name        Object

    0x00000000   0x000002c8   Code   RO  1220   * StartUp             startup.o
    0x000002c8   0x00000130   Code   RO     1     .text               arm.o
    0x000003f8   0x00000760   Code   RO   109     .text               drv_l1_adc.o
    0x00000b58   0x0000055c   Code   RO   215     .text               drv_l1_cache.o
    0x000010b4   0x000015e8   Code   RO   271     .text               drv_l1_dma.o
    0x0000269c   0x000001f4   Code   RO   324     .text               drv_l1_ext_int.o
    0x00002890   0x00000390   Code   RO   353     .text               drv_l1_gpio.o
    0x00002c20   0x00000144   Code   RO   396     .text               drv_l1_init.o
    0x00002d64   0x00000368   Code   RO   441     .text               drv_l1_interrupt.o
    0x000030cc   0x00000288   Code   RO   491     .text               drv_l1_mic.o
    0x00003354   0x0000103c   Code   RO   539     .text               drv_l1_rtc.o
    0x00004390   0x00000634   Code   RO   616     .text               drv_l1_spi.o
    0x000049c4   0x0000023c   Code   RO   673     .text               drv_l1_sw_timer.o
    0x00004c00   0x00000024   Code   RO   706     .text               drv_l1_sw_timer_isr.o
    0x00004c24   0x00000158   Code   RO   720     .text               drv_l1_system.o
    0x00004d7c   0x00000fec   Code   RO   942     .text               drv_l1_timer.o
    0x00005d68   0x000006d8   Code   RO  1032     .text               drv_l1_uart.o
    0x00006440   0x00000068   Code   RO  1127     .text               drv_l1_watchdog.o
    0x000064a8   0x000002c0   Code   RO  1164     .text               gp_stdlib.o
    0x00006768   0x00000150   Code   RO  1200     .text               main.o
    0x000068b8   0x000005d4   Code   RO  1227     .text               system_timer.o
    0x00006e8c   0x00000004   Code   RO  1260     .text               driver_l2_init.o
    0x00006e90   0x000002ec   Code   RO  1327     .text               gplib_mm_gplus.o
    0x0000717c   0x00000598   Code   RO  1372     .text               gplib_calendar.o
    0x00007714   0x00000010   Code   RO  1413     .text               gplib_init.o
    0x00007724   0x000000a4   Code   RO  1425     .text               gplib_print_string.o
    0x000077c8   0x00000ae8   Code   RO  1453     .text               nvram.o
    0x000082b0   0x000000f8   Code   RO  1518     .text               task_state_handling.o
    0x000083a8   0x00000430   Code   RO  1547     .text               task_peripheral_handling.o
    0x000087d8   0x00000370   Code   RO  1585     .text               msg_manager.o
    0x00008b48   0x0000046c   Code   RO  1627     .text               video_codec_callback.o
    0x00008fb4   0x00000400   Code   RO  1677     .text               video_encoder.o
    0x000093b4   0x00000520   Code   RO  1740     .text               state_usb.o
    0x000098d4   0x000000ac   Code   RO  1806     .text               state_startup.o
    0x00009980   0x00000018   Code   RO  1833     .text               ap_startup.o
    0x00009998   0x0000086c   Code   RO  1851     .text               ap_video_preview.o
    0x0000a204   0x000006b4   Code   RO  1897     .text               state_video_preview.o
    0x0000a8b8   0x00000f10   Code   RO  1924     .text               ap_peripheral_handling.o
    0x0000b7c8   0x00001e98   Code   RO  2019     .text               ap_storage_service.o
    0x0000d660   0x00000220   Code   RO  2087     .text               task_storage_service.o
    0x0000d880   0x00000678   Code   RO  2110     .text               ap_state_handling.o
    0x0000def8   0x00000814   Code   RO  2192     .text               ap_video_record.o
    0x0000e70c   0x00000924   Code   RO  2250     .text               state_video_record.o
    0x0000f030   0x000004f0   Code   RO  2372     .text               drv_l1_sensor.o
    0x0000f520   0x00000420   Code   RO  2439     .text               ap_display.o
    0x0000f940   0x000009f8   Code   RO  2608     .text               ap_state_config.o
    0x00010338   0x00000be8   Code   RO  2871     .text               ap_state_resource.o
    0x00010f20   0x00000030   Code   RO  2999     .text               drv_l1_dac.o
    0x00010f50   0x0000078c   Code   RO  3136     .text               ap_usb.o
    0x000116dc   0x00001ea4   Code   RO  3346     .text               my_video_codec_callback.o
    0x00013580   0x0000035c   Code   RO  3541     .text               drv_l2_sensor.o
    0x000138dc   0x00002a1c   Code   RO  3571     .text               drv_l1_cdsp.o
    0x000162f8   0x0000058c   Code   RO  4169     .text               drv_l1_front.o
[...]
    0x00003594   0x00000024   Dbug   RW   365     .debug_pubnames     drv_l1_gpio.o
    0x000035b8   0x00000024   Dbug   RW   368     .debug_pubnames     drv_l1_gpio.o
    0x000035dc   0x00000024   Dbug   RW   371     .debug_pubnames     drv_l1_gpio.o
    0x00003600   0x00000030   Dbug   RW   374     .debug_pubnames     drv_l1_gpio.o
    0x00003630   0x00000024   Dbug   RW   377     .debug_pubnames     drv_l1_gpio.o
    0x00003654   0x00000028   Dbug   RW   380     .debug_pubnames     drv_l1_gpio.o
    0x0000367c   0x00000104   Dbug   RW   386     .debug_pubnames     drv_l1_gpio.o
    0x00003780   0x00000024   Dbug   RW   402     .debug_pubnames     drv_l1_init.o
    0x000037a4   0x0000015c   Dbug   RW   410     .debug_pubnames     drv_l1_init.o
    0x00003900   0x00000284   Dbug   RW   417     .debug_pubnames     drv_l1_init.o
    0x00003b84   0x000007e0   Dbug   RW   421     .debug_pubnames     drv_l1_init.o
    0x00004364   0x00000344   Dbug   RW   431     .debug_pubnames     drv_l1_init.o
    0x000046a8   0x000001a0   Dbug   RW   435     .debug_pubnames     drv_l1_init.o
    0x00004848   0x000000dc   Dbug   RW   439     .debug_pubnames     drv_l1_init.o
    0x00004924   0x0000002c   Dbug   RW   445     .debug_pubnames     drv_l1_interrupt.o
    0x00004950   0x00000030   Dbug   RW   448     .debug_pubnames     drv_l1_interrupt.o
    0x00004980   0x00000028   Dbug   RW   451     .debug_pubnames     drv_l1_interrupt.o
    0x000049a8   0x0000002c   Dbug   RW   454     .debug_pubnames     drv_l1_interrupt.o
    0x000049d4   0x00000028   Dbug   RW   457     .debug_pubnames     drv_l1_interrupt.o
    0x000049fc   0x00000028   Dbug   RW   460     .debug_pubnames     drv_l1_interrupt.o
    0x00004a24   0x00000028   Dbug   RW   463     .debug_pubnames     drv_l1_interrupt.o
    0x00004a4c   0x0000002c   Dbug   RW   466     .debug_pubnames     drv_l1_interrupt.o
    0x00004a78   0x00000028   Dbug   RW   469     .debug_pubnames     drv_l1_interrupt.o
    0x00004aa0   0x00000028   Dbug   RW   472     .debug_pubnames     drv_l1_interrupt.o
    0x00004ac8   0x00000028   Dbug   RW   475     .debug_pubnames     drv_l1_interrupt.o
    0x00004af0   0x00000028   Dbug   RW   478     .debug_pubnames     drv_l1_interrupt.o
    0x00004b18   0x00000020   Dbug   RW   481     .debug_pubnames     drv_l1_interrupt.o
    0x00004b38   0x0000002c   Dbug   RW   484     .debug_pubnames     drv_l1_interrupt.o
    0x00004b64   0x00000120   Dbug   RW   488     .debug_pubnames     drv_l1_interrupt.o
    0x00004c84   0x00000020   Dbug   RW   495     .debug_pubnames     drv_l1_mic.o
    0x00004ca4   0x00000028   Dbug   RW   498     .debug_pubnames     drv_l1_mic.o
    0x00004ccc   0x0000002c   Dbug   RW   501     .debug_pubnames     drv_l1_mic.o
    0x00004cf8   0x00000028   Dbug   RW   504     .debug_pubnames     drv_l1_mic.o
    0x00004d20   0x0000002c   Dbug   RW   507     .debug_pubnames     drv_l1_mic.o
    0x00004d4c   0x0000002c   Dbug   RW   510     .debug_pubnames     drv_l1_mic.o
    0x00004d78   0x0000002c   Dbug   RW   513     .debug_pubnames     drv_l1_mic.o
    0x00004da4   0x00000028   Dbug   RW   516     .debug_pubnames     drv_l1_mic.o
    0x00004dcc   0x0000002c   Dbug   RW   519     .debug_pubnames     drv_l1_mic.o
    0x00004df8   0x0000002c   Dbug   RW   522     .debug_pubnames     drv_l1_mic.o
    0x00004e24   0x0000002c   Dbug   RW   525     .debug_pubnames     drv_l1_mic.o
    0x00004e50   0x00000028   Dbug   RW   528     .debug_pubnames     drv_l1_mic.o
    0x00004e78   0x0000011c   Dbug   RW   534     .debug_pubnames     drv_l1_mic.o
    0x00004f94   0x0000002c   Dbug   RW   538     .debug_pubnames     drv_l1_mic.o
    0x00004fc0   0x00000024   Dbug   RW   543     .debug_pubnames     drv_l1_rtc.o
    0x00004fe4   0x00000024   Dbug   RW   546     .debug_pubnames     drv_l1_rtc.o
    0x00005008   0x0000002c   Dbug   RW   549     .debug_pubnames     drv_l1_rtc.o
    0x00005034   0x0000002c   Dbug   RW   552     .debug_pubnames     drv_l1_rtc.o
    0x00005060   0x00000020   Dbug   RW   555     .debug_pubnames     drv_l1_rtc.o
    0x00005080   0x00000024   Dbug   RW   558     .debug_pubnames     drv_l1_rtc.o
    0x000050a4   0x00000024   Dbug   RW   561     .debug_pubnames     drv_l1_rtc.o
    0x000050c8   0x00000024   Dbug   RW   564     .debug_pubnames     drv_l1_rtc.o
    0x000050ec   0x00000024   Dbug   RW   567     .debug_pubnames     drv_l1_rtc.o
    0x00005110   0x00000024   Dbug   RW   570     .debug_pubnames     drv_l1_rtc.o
    0x00005134   0x00000024   Dbug   RW   573     .debug_pubnames     drv_l1_rtc.o
    0x00005158   0x0000002c   Dbug   RW   576     .debug_pubnames     drv_l1_rtc.o
    0x00005184   0x0000002c   Dbug   RW   579     .debug_pubnames     drv_l1_rtc.o
    0x000051b0   0x00000028   Dbug   RW   582     .debug_pubnames     drv_l1_rtc.o
    0x000051d8   0x0000002c   Dbug   RW   585     .debug_pubnames     drv_l1_rtc.o
    0x00005204   0x0000002c   Dbug   RW   588     .debug_pubnames     drv_l1_rtc.o
    0x00005230   0x0000002c   Dbug   RW   591     .debug_pubnames     drv_l1_rtc.o
    0x0000525c   0x0000002c   Dbug   RW   594     .debug_pubnames     drv_l1_rtc.o
    0x00005288   0x0000002c   Dbug   RW   597     .debug_pubnames     drv_l1_rtc.o
    0x000052b4   0x00000030   Dbug   RW   600     .debug_pubnames     drv_l1_rtc.o
    0x000052e4   0x00000030   Dbug   RW   603     .debug_pubnames     drv_l1_rtc.o
    0x00005314   0x00000034   Dbug   RW   606     .debug_pubnames     drv_l1_rtc.o
    0x00005348   0x00000278   Dbug   RW   610     .debug_pubnames     drv_l1_rtc.o
    0x000055c0   0x00000024   Dbug   RW   620     .debug_pubnames     drv_l1_spi.o
    0x000055e4   0x00000024   Dbug   RW   623     .debug_pubnames     drv_l1_spi.o
    0x00005608   0x00000028   Dbug   RW   626     .debug_pubnames     drv_l1_spi.o
    0x00005630   0x0000002c   Dbug   RW   629     .debug_pubnames     drv_l1_spi.o
    0x0000565c   0x00000024   Dbug   RW   632     .debug_pubnames     drv_l1_spi.o
    0x00005680   0x00000020   Dbug   RW   635     .debug_pubnames     drv_l1_spi.o
    0x000056a0   0x00000024   Dbug   RW   638     .debug_pubnames     drv_l1_spi.o
    0x000056c4   0x00000028   Dbug   RW   641     .debug_pubnames     drv_l1_spi.o
    0x000056ec   0x00000028   Dbug   RW   644     .debug_pubnames     drv_l1_spi.o
    0x00005714   0x00000028   Dbug   RW   647     .debug_pubnames     drv_l1_spi.o
    0x0000573c   0x00000030   Dbug   RW   650     .debug_pubnames     drv_l1_spi.o
    0x0000576c   0x00000030   Dbug   RW   653     .debug_pubnames     drv_l1_spi.o
    0x0000579c   0x00000024   Dbug   RW   656     .debug_pubnames     drv_l1_spi.o
    0x000057c0   0x0000002c   Dbug   RW   659     .debug_pubnames     drv_l1_spi.o
    0x000057ec   0x00000040   Dbug   RW   662     .debug_pubnames     drv_l1_spi.o
    0x0000582c   0x00000144   Dbug   RW   666     .debug_pubnames     drv_l1_spi.o
    0x00005970   0x00000094   Dbug   RW   671     .debug_pubnames     drv_l1_spi.o
    0x00005a04   0x00000024   Dbug   RW   677     .debug_pubnames     drv_l1_sw_timer.o
    0x00005a28   0x0000002c   Dbug   RW   680     .debug_pubnames     drv_l1_sw_timer.o
    0x00005a54   0x00000030   Dbug   RW   683     .debug_pubnames     drv_l1_sw_timer.o
    0x00005a84   0x00000028   Dbug   RW   686     .debug_pubnames     drv_l1_sw_timer.o
    0x00005aac   0x00000028   Dbug   RW   689     .debug_pubnames     drv_l1_sw_timer.o
    0x00005ad4   0x00000028   Dbug   RW   692     .debug_pubnames     drv_l1_sw_timer.o
    0x00005afc   0x0000002c   Dbug   RW   695     .debug_pubnames     drv_l1_sw_timer.o
    0x00005b28   0x000000b0   Dbug   RW   699     .debug_pubnames     drv_l1_sw_timer.o
    0x00005bd8   0x00000024   Dbug   RW   710     .debug_pubnames     drv_l1_sw_timer_isr.o
    0x00005bfc   0x00000024   Dbug   RW   716     .debug_pubnames     drv_l1_sw_timer_isr.o
    0x00005c20   0x00000054   Dbug   RW   719     .debug_pubnames     drv_l1_sw_timer_isr.o
    0x00005c74   0x0000002c   Dbug   RW   746     .debug_pubnames     drv_l1_system.o
    0x00005ca0   0x00000028   Dbug   RW   749     .debug_pubnames     drv_l1_system.o
    0x00005cc8   0x00000028   Dbug   RW   752     .debug_pubnames     drv_l1_system.o
    0x00005cf0   0x00000030   Dbug   RW   755     .debug_pubnames     drv_l1_system.o
    0x00005d20   0x00000030   Dbug   RW   758     .debug_pubnames     drv_l1_system.o
    0x00005d50   0x00000030   Dbug   RW   761     .debug_pubnames     drv_l1_system.o
    0x00005d80   0x00000024   Dbug   RW   764     .debug_pubnames     drv_l1_system.o
    0x00005da4   0x00000030   Dbug   RW   767     .debug_pubnames     drv_l1_system.o
    0x00005dd4   0x0000002c   Dbug   RW   770     .debug_pubnames     drv_l1_system.o
    0x00005e00   0x00000028   Dbug   RW   773     .debug_pubnames     drv_l1_system.o
    0x00005e28   0x00000024   Dbug   RW   776     .debug_pubnames     drv_l1_system.o
    0x00005e4c   0x00000030   Dbug   RW   788     .debug_pubnames     drv_l1_system.o
    0x00005e7c   0x00000028   Dbug   RW   794     .debug_pubnames     drv_l1_system.o
    0x00005ea4   0x00000028   Dbug   RW   800     .debug_pubnames     drv_l1_system.o
    0x00005ecc   0x00000028   Dbug   RW   803     .debug_pubnames     drv_l1_system.o
    0x00005ef4   0x0000002c   Dbug   RW   806     .debug_pubnames     drv_l1_system.o
    0x00005f20   0x0000002c   Dbug   RW   809     .debug_pubnames     drv_l1_system.o
    0x00005f4c   0x0000008c   Dbug   RW   812     .debug_pubnames     drv_l1_system.o
    0x00005fd8   0x0000002c   Dbug   RW   817     .debug_pubnames     drv_l1_system.o
    0x00006004   0x00000028   Dbug   RW   822     .debug_pubnames     drv_l1_system.o
    0x0000602c   0x00000024   Dbug   RW   827     .debug_pubnames     drv_l1_system.o
    0x00006050   0x00000030   Dbug   RW   832     .debug_pubnames     drv_l1_system.o
    0x00006080   0x0000002c   Dbug   RW   836     .debug_pubnames     drv_l1_system.o
    0x000060ac   0x00000028   Dbug   RW   841     .debug_pubnames     drv_l1_system.o
    0x000060d4   0x00000024   Dbug   RW   846     .debug_pubnames     drv_l1_system.o
    0x000060f8   0x00000030   Dbug   RW   865     .debug_pubnames     drv_l1_system.o
    0x00006128   0x00000028   Dbug   RW   875     .debug_pubnames     drv_l1_system.o
    0x00006150   0x00000028   Dbug   RW   885     .debug_pubnames     drv_l1_system.o
    0x00006178   0x00000028   Dbug   RW   890     .debug_pubnames     drv_l1_system.o
    0x000061a0   0x0000002c   Dbug   RW   895     .debug_pubnames     drv_l1_system.o
    0x000061cc   0x00000098   Dbug   RW   900     .debug_pubnames     drv_l1_system.o
    0x00006264   0x0000002c   Dbug   RW   904     .debug_pubnames     drv_l1_system.o
    0x00006290   0x00001314   Dbug   RW   908     .debug_pubnames     drv_l1_system.o
    0x000075a4   0x00004560   Dbug   RW   920     .debug_pubnames     drv_l1_system.o
    0x0000bb04   0x000014d4   Dbug   RW   924     .debug_pubnames     drv_l1_system.o
    0x0000cfd8   0x0000002c   Dbug   RW   932     .debug_pubnames     drv_l1_system.o
    0x0000d004   0x000000bc   Dbug   RW   936     .debug_pubnames     drv_l1_system.o
    0x0000d0c0   0x0000011c   Dbug   RW   940     .debug_pubnames     drv_l1_system.o
    0x0000d1dc   0x00000024   Dbug   RW   946     .debug_pubnames     drv_l1_timer.o
    0x0000d200   0x00000024   Dbug   RW   949     .debug_pubnames     drv_l1_timer.o
    0x0000d224   0x00000028   Dbug   RW   952     .debug_pubnames     drv_l1_timer.o
    0x0000d24c   0x00000028   Dbug   RW   955     .debug_pubnames     drv_l1_timer.o
    0x0000d274   0x00000028   Dbug   RW   958     .debug_pubnames     drv_l1_timer.o
    0x0000d29c   0x00000028   Dbug   RW   961     .debug_pubnames     drv_l1_timer.o
    0x0000d2c4   0x00000028   Dbug   RW   964     .debug_pubnames     drv_l1_timer.o
    0x0000d2ec   0x00000028   Dbug   RW   967     .debug_pubnames     drv_l1_timer.o
    0x0000d314   0x0000002c   Dbug   RW   970     .debug_pubnames     drv_l1_timer.o
    0x0000d340   0x0000002c   Dbug   RW   973     .debug_pubnames     drv_l1_timer.o
    0x0000d36c   0x0000002c   Dbug   RW   976     .debug_pubnames     drv_l1_timer.o
    0x0000d398   0x00000030   Dbug   RW   979     .debug_pubnames     drv_l1_timer.o
    0x0000d3c8   0x00000028   Dbug   RW   982     .debug_pubnames     drv_l1_timer.o
    0x0000d3f0   0x00000028   Dbug   RW   985     .debug_pubnames     drv_l1_timer.o
    0x0000d418   0x00000024   Dbug   RW   988     .debug_pubnames     drv_l1_timer.o
    0x0000d43c   0x00000028   Dbug   RW   991     .debug_pubnames     drv_l1_timer.o
    0x0000d464   0x00000024   Dbug   RW   994     .debug_pubnames     drv_l1_timer.o
    0x0000d488   0x0000002c   Dbug   RW   997     .debug_pubnames     drv_l1_timer.o
    0x0000d4b4   0x00000028   Dbug   RW  1000     .debug_pubnames     drv_l1_timer.o
    0x0000d4dc   0x0000002c   Dbug   RW  1003     .debug_pubnames     drv_l1_timer.o
    0x0000d508   0x00000030   Dbug   RW  1006     .debug_pubnames     drv_l1_timer.o
    0x0000d538   0x00000028   Dbug   RW  1009     .debug_pubnames     drv_l1_timer.o
    0x0000d560   0x00000028   Dbug   RW  1012     .debug_pubnames     drv_l1_timer.o
    0x0000d588   0x00000028   Dbug   RW  1015     .debug_pubnames     drv_l1_timer.o
    0x0000d5b0   0x00000024   Dbug   RW  1018     .debug_pubnames     drv_l1_timer.o
    0x0000d5d4   0x00000130   Dbug   RW  1021     .debug_pubnames     drv_l1_timer.o
    0x0000d704   0x00000320   Dbug   RW  1025     .debug_pubnames     drv_l1_timer.o
    0x0000da24   0x00000024   Dbug   RW  1036     .debug_pubnames     drv_l1_uart.o
    0x0000da48   0x00000028   Dbug   RW  1039     .debug_pubnames     drv_l1_uart.o
    0x0000da70   0x00000028   Dbug   RW  1042     .debug_pubnames     drv_l1_uart.o
    0x0000da98   0x00000024   Dbug   RW  1045     .debug_pubnames     drv_l1_uart.o
    0x0000dabc   0x00000024   Dbug   RW  1048     .debug_pubnames     drv_l1_uart.o
    0x0000dae0   0x00000028   Dbug   RW  1051     .debug_pubnames     drv_l1_uart.o
    0x0000db08   0x0000002c   Dbug   RW  1054     .debug_pubnames     drv_l1_uart.o
    0x0000db34   0x0000002c   Dbug   RW  1057     .debug_pubnames     drv_l1_uart.o
    0x0000db60   0x0000002c   Dbug   RW  1060     .debug_pubnames     drv_l1_uart.o
    0x0000db8c   0x00000028   Dbug   RW  1063     .debug_pubnames     drv_l1_uart.o
    0x0000dbb4   0x00000028   Dbug   RW  1066     .debug_pubnames     drv_l1_uart.o
    0x0000dbdc   0x00000020   Dbug   RW  1069     .debug_pubnames     drv_l1_uart.o
    0x0000dbfc   0x00000028   Dbug   RW  1072     .debug_pubnames     drv_l1_uart.o
    0x0000dc24   0x00000028   Dbug   RW  1075     .debug_pubnames     drv_l1_uart.o
    0x0000dc4c   0x00000028   Dbug   RW  1078     .debug_pubnames     drv_l1_uart.o
    0x0000dc74   0x00000028   Dbug   RW  1081     .debug_pubnames     drv_l1_uart.o
    0x0000dc9c   0x00000024   Dbug   RW  1084     .debug_pubnames     drv_l1_uart.o
    0x0000dcc0   0x00000028   Dbug   RW  1087     .debug_pubnames     drv_l1_uart.o
    0x0000dce8   0x00000028   Dbug   RW  1090     .debug_pubnames     drv_l1_uart.o
    0x0000dd10   0x00000028   Dbug   RW  1093     .debug_pubnames     drv_l1_uart.o
    0x0000dd38   0x00000024   Dbug   RW  1096     .debug_pubnames     drv_l1_uart.o
    0x0000dd5c   0x00000028   Dbug   RW  1099     .debug_pubnames     drv_l1_uart.o
    0x0000dd84   0x00000030   Dbug   RW  1102     .debug_pubnames     drv_l1_uart.o
    0x0000ddb4   0x0000002c   Dbug   RW  1105     .debug_pubnames     drv_l1_uart.o
    0x0000dde0   0x00000030   Dbug   RW  1108     .debug_pubnames     drv_l1_uart.o
    0x0000de10   0x00000028   Dbug   RW  1111     .debug_pubnames     drv_l1_uart.o
    0x0000de38   0x00000030   Dbug   RW  1114     .debug_pubnames     drv_l1_uart.o
    0x0000de68   0x00000024   Dbug   RW  1117     .debug_pubnames     drv_l1_uart.o
    0x0000de8c   0x000000c4   Dbug   RW  1120     .debug_pubnames     drv_l1_uart.o
    0x0000df50   0x000002b8   Dbug   RW  1124     .debug_pubnames     drv_l1_uart.o
    0x0000e208   0x00000024   Dbug   RW  1130     .debug_pubnames     drv_l1_watchdog.o
    0x0000e22c   0x00000020   Dbug   RW  1133     .debug_pubnames     drv_l1_watchdog.o
    0x0000e24c   0x00000024   Dbug   RW  1136     .debug_pubnames     drv_l1_watchdog.o
    0x0000e270   0x00000028   Dbug   RW  1139     .debug_pubnames     drv_l1_watchdog.o
    0x0000e298   0x00000058   Dbug   RW  1146     .debug_pubnames     drv_l1_watchdog.o
    0x0000e2f0   0x00000020   Dbug   RW  1167     .debug_pubnames     gp_stdlib.o
    0x0000e310   0x00000020   Dbug   RW  1170     .debug_pubnames     gp_stdlib.o
    0x0000e330   0x00000020   Dbug   RW  1173     .debug_pubnames     gp_stdlib.o
    0x0000e350   0x00000024   Dbug   RW  1176     .debug_pubnames     gp_stdlib.o
    0x0000e374   0x00000024   Dbug   RW  1179     .debug_pubnames     gp_stdlib.o
    0x0000e398   0x00000020   Dbug   RW  1182     .debug_pubnames     gp_stdlib.o
    0x0000e3b8   0x00000020   Dbug   RW  1185     .debug_pubnames     gp_stdlib.o
    0x0000e3d8   0x00000020   Dbug   RW  1188     .debug_pubnames     gp_stdlib.o
    0x0000e3f8   0x00000020   Dbug   RW  1191     .debug_pubnames     gp_stdlib.o
    0x0000e418   0x000000a8   Dbug   RW  1197     .debug_pubnames     gp_stdlib.o
    0x0000e4c0   0x00000028   Dbug   RW  1204     .debug_pubnames     main.o
    0x0000e4e8   0x0000001c   Dbug   RW  1207     .debug_pubnames     main.o
    0x0000e504   0x00000094   Dbug   RW  1210     .debug_pubnames     main.o
    0x0000e598   0x00000030   Dbug   RW  1214     .debug_pubnames     main.o
    0x0000e5c8   0x00000028   Dbug   RW  1231     .debug_pubnames     system_timer.o
    0x0000e5f0   0x0000002c   Dbug   RW  1234     .debug_pubnames     system_timer.o
    0x0000e61c   0x00000028   Dbug   RW  1237     .debug_pubnames     system_timer.o
    0x0000e644   0x0000002c   Dbug   RW  1240     .debug_pubnames     system_timer.o
    0x0000e670   0x0000002c   Dbug   RW  1243     .debug_pubnames     system_timer.o
    0x0000e69c   0x0000002c   Dbug   RW  1246     .debug_pubnames     system_timer.o
    0x0000e6c8   0x00000154   Dbug   RW  1249     .debug_pubnames     system_timer.o
    0x0000e81c   0x000000e0   Dbug   RW  1253     .debug_pubnames     system_timer.o
    0x0000e8fc   0x00000024   Dbug   RW  1258     .debug_pubnames     system_timer.o
    0x0000e920   0x00000024   Dbug   RW  1263     .debug_pubnames     driver_l2_init.o
    0x0000e944   0x00000024   Dbug   RW  1269     .debug_pubnames     driver_l2_init.o
    0x0000e968   0x00000024   Dbug   RW  1341     .debug_pubnames     gplib_mm_gplus.o
    0x0000e98c   0x00000028   Dbug   RW  1344     .debug_pubnames     gplib_mm_gplus.o
    0x0000e9b4   0x00000024   Dbug   RW  1347     .debug_pubnames     gplib_mm_gplus.o
    0x0000e9d8   0x00000020   Dbug   RW  1350     .debug_pubnames     gplib_mm_gplus.o
    0x0000e9f8   0x00000028   Dbug   RW  1353     .debug_pubnames     gplib_mm_gplus.o
    0x0000ea20   0x00000020   Dbug   RW  1356     .debug_pubnames     gplib_mm_gplus.o
    0x0000ea40   0x00000020   Dbug   RW  1359     .debug_pubnames     gplib_mm_gplus.o
    0x0000ea60   0x000001d4   Dbug   RW  1362     .debug_pubnames     gplib_mm_gplus.o
    0x0000ec34   0x00000084   Dbug   RW  1366     .debug_pubnames     gplib_mm_gplus.o
    0x0000ecb8   0x0000002c   Dbug   RW  1378     .debug_pubnames     gplib_calendar.o
    0x0000ece4   0x00000024   Dbug   RW  1381     .debug_pubnames     gplib_calendar.o
    0x0000ed08   0x00000028   Dbug   RW  1384     .debug_pubnames     gplib_calendar.o
    0x0000ed30   0x00000024   Dbug   RW  1387     .debug_pubnames     gplib_calendar.o
    0x0000ed54   0x00000030   Dbug   RW  1390     .debug_pubnames     gplib_calendar.o
    0x0000ed84   0x00000028   Dbug   RW  1393     .debug_pubnames     gplib_calendar.o
    0x0000edac   0x00000028   Dbug   RW  1396     .debug_pubnames     gplib_calendar.o
    0x0000edd4   0x00000034   Dbug   RW  1399     .debug_pubnames     gplib_calendar.o
    0x0000ee08   0x00000098   Dbug   RW  1402     .debug_pubnames     gplib_calendar.o
    0x0000eea0   0x000000d4   Dbug   RW  1406     .debug_pubnames     gplib_calendar.o
    0x0000ef74   0x00000020   Dbug   RW  1411     .debug_pubnames     gplib_calendar.o
    0x0000ef94   0x00000024   Dbug   RW  1416     .debug_pubnames     gplib_init.o
    0x0000efb8   0x00000024   Dbug   RW  1422     .debug_pubnames     gplib_init.o
    0x0000efdc   0x00000024   Dbug   RW  1429     .debug_pubnames     gplib_print_string.o
    0x0000f000   0x00000024   Dbug   RW  1432     .debug_pubnames     gplib_print_string.o
    0x0000f024   0x00000020   Dbug   RW  1435     .debug_pubnames     gplib_print_string.o
    0x0000f044   0x00000034   Dbug   RW  1439     .debug_pubnames     gplib_print_string.o
    0x0000f078   0x00000020   Dbug   RW  1447     .debug_pubnames     gplib_print_string.o
    0x0000f098   0x00000084   Dbug   RW  1451     .debug_pubnames     gplib_print_string.o
    0x0000f11c   0x00000028   Dbug   RW  1457     .debug_pubnames     nvram.o
    0x0000f144   0x00000028   Dbug   RW  1460     .debug_pubnames     nvram.o
    0x0000f16c   0x00000028   Dbug   RW  1463     .debug_pubnames     nvram.o
    0x0000f194   0x00000024   Dbug   RW  1466     .debug_pubnames     nvram.o
    0x0000f1b8   0x0000002c   Dbug   RW  1469     .debug_pubnames     nvram.o
    0x0000f1e4   0x00000024   Dbug   RW  1472     .debug_pubnames     nvram.o
    0x0000f208   0x00000028   Dbug   RW  1475     .debug_pubnames     nvram.o
    0x0000f230   0x00000020   Dbug   RW  1478     .debug_pubnames     nvram.o
    0x0000f250   0x00000030   Dbug   RW  1481     .debug_pubnames     nvram.o
    0x0000f280   0x00000028   Dbug   RW  1484     .debug_pubnames     nvram.o
    0x0000f2a8   0x00000024   Dbug   RW  1487     .debug_pubnames     nvram.o
    0x0000f2cc   0x00000030   Dbug   RW  1490     .debug_pubnames     nvram.o
    0x0000f2fc   0x00000034   Dbug   RW  1493     .debug_pubnames     nvram.o
    0x0000f330   0x00000030   Dbug   RW  1496     .debug_pubnames     nvram.o
    0x0000f360   0x00000030   Dbug   RW  1499     .debug_pubnames     nvram.o
    0x0000f390   0x0000002c   Dbug   RW  1502     .debug_pubnames     nvram.o
    0x0000f3bc   0x00000030   Dbug   RW  1505     .debug_pubnames     nvram.o
    0x0000f3ec   0x000000c4   Dbug   RW  1508     .debug_pubnames     nvram.o
    0x0000f4b0   0x00000230   Dbug   RW  1512     .debug_pubnames     nvram.o
    0x0000f6e0   0x0000002c   Dbug   RW  1524     .debug_pubnames     task_state_handling.o
    0x0000f70c   0x0000004c   Dbug   RW  1527     .debug_pubnames     task_state_handling.o
    0x0000f758   0x00000044   Dbug   RW  1531     .debug_pubnames     task_state_handling.o
    0x0000f79c   0x000014d4   Dbug   RW  1535     .debug_pubnames     task_state_handling.o
    0x00010c70   0x00000218   Dbug   RW  1538     .debug_pubnames     task_state_handling.o
    0x00010e88   0x0000006c   Dbug   RW  1545     .debug_pubnames     task_state_handling.o
    0x00010ef4   0x00000034   Dbug   RW  1554     .debug_pubnames     task_peripheral_handling.o
    0x00010f28   0x000001ec   Dbug   RW  1557     .debug_pubnames     task_peripheral_handling.o
    0x00011114   0x00000058   Dbug   RW  1561     .debug_pubnames     task_peripheral_handling.o
    0x0001116c   0x000014d4   Dbug   RW  1565     .debug_pubnames     task_peripheral_handling.o
    0x00012640   0x00000038   Dbug   RW  1567     .debug_pubnames     task_peripheral_handling.o
    0x00012678   0x00000218   Dbug   RW  1569     .debug_pubnames     task_peripheral_handling.o
    0x00012890   0x00000024   Dbug   RW  1588     .debug_pubnames     msg_manager.o
    0x000128b4   0x00000024   Dbug   RW  1591     .debug_pubnames     msg_manager.o
    0x000128d8   0x00000024   Dbug   RW  1594     .debug_pubnames     msg_manager.o
    0x000128fc   0x00000020   Dbug   RW  1597     .debug_pubnames     msg_manager.o
    0x0001291c   0x00000024   Dbug   RW  1600     .debug_pubnames     msg_manager.o
    0x00012940   0x00000020   Dbug   RW  1603     .debug_pubnames     msg_manager.o
    0x00012960   0x00000024   Dbug   RW  1606     .debug_pubnames     msg_manager.o
    0x00012984   0x00000024   Dbug   RW  1609     .debug_pubnames     msg_manager.o
    0x000129a8   0x00000020   Dbug   RW  1612     .debug_pubnames     msg_manager.o
    0x000129c8   0x00000024   Dbug   RW  1615     .debug_pubnames     msg_manager.o
    0x000129ec   0x000000a8   Dbug   RW  1621     .debug_pubnames     msg_manager.o
    0x00012a94   0x00000028   Dbug   RW  1631     .debug_pubnames     video_codec_callback.o
    0x00012abc   0x00000030   Dbug   RW  1634     .debug_pubnames     video_codec_callback.o
    0x00012aec   0x00000030   Dbug   RW  1637     .debug_pubnames     video_codec_callback.o
    0x00012b1c   0x00000030   Dbug   RW  1640     .debug_pubnames     video_codec_callback.o
    0x00012b4c   0x00000038   Dbug   RW  1643     .debug_pubnames     video_codec_callback.o
    0x00012b84   0x00000030   Dbug   RW  1646     .debug_pubnames     video_codec_callback.o
    0x00012bb4   0x00000028   Dbug   RW  1649     .debug_pubnames     video_codec_callback.o
    0x00012bdc   0x00000030   Dbug   RW  1652     .debug_pubnames     video_codec_callback.o
    0x00012c0c   0x00000030   Dbug   RW  1655     .debug_pubnames     video_codec_callback.o
    0x00012c3c   0x00000034   Dbug   RW  1658     .debug_pubnames     video_codec_callback.o
    0x00012c70   0x00000038   Dbug   RW  1661     .debug_pubnames     video_codec_callback.o
    0x00012ca8   0x00000038   Dbug   RW  1664     .debug_pubnames     video_codec_callback.o
    0x00012ce0   0x000000a8   Dbug   RW  1667     .debug_pubnames     video_codec_callback.o
    0x00012d88   0x000001b8   Dbug   RW  1671     .debug_pubnames     video_codec_callback.o
    0x00012f40   0x0000002c   Dbug   RW  1680     .debug_pubnames     video_encoder.o
    0x00012f6c   0x00000030   Dbug   RW  1683     .debug_pubnames     video_encoder.o
    0x00012f9c   0x00000028   Dbug   RW  1686     .debug_pubnames     video_encoder.o
    0x00012fc4   0x0000002c   Dbug   RW  1689     .debug_pubnames     video_encoder.o
    0x00012ff0   0x00000028   Dbug   RW  1692     .debug_pubnames     video_encoder.o
    0x00013018   0x00000038   Dbug   RW  1695     .debug_pubnames     video_encoder.o
    0x00013050   0x0000003c   Dbug   RW  1698     .debug_pubnames     video_encoder.o
    0x0001308c   0x0000003c   Dbug   RW  1701     .debug_pubnames     video_encoder.o
    0x000130c8   0x00000040   Dbug   RW  1704     .debug_pubnames     video_encoder.o
    0x00013108   0x00000034   Dbug   RW  1707     .debug_pubnames     video_encoder.o
    0x0001313c   0x00000040   Dbug   RW  1710     .debug_pubnames     video_encoder.o
    0x0001317c   0x00000030   Dbug   RW  1713     .debug_pubnames     video_encoder.o
    0x000131ac   0x00000030   Dbug   RW  1716     .debug_pubnames     video_encoder.o
    0x000131dc   0x000001f4   Dbug   RW  1722     .debug_pubnames     video_encoder.o
    0x000133d0   0x00000028   Dbug   RW  1744     .debug_pubnames     state_usb.o
    0x000133f8   0x00000020   Dbug   RW  1747     .debug_pubnames     state_usb.o
    0x00013418   0x0000002c   Dbug   RW  1750     .debug_pubnames     state_usb.o
    0x00013444   0x00000028   Dbug   RW  1753     .debug_pubnames     state_usb.o
    0x0001346c   0x00000028   Dbug   RW  1756     .debug_pubnames     state_usb.o
    0x00013494   0x00000024   Dbug   RW  1759     .debug_pubnames     state_usb.o
    0x000134b8   0x00000024   Dbug   RW  1762     .debug_pubnames     state_usb.o
    0x000134dc   0x00000024   Dbug   RW  1765     .debug_pubnames     state_usb.o
    0x00013500   0x0000002c   Dbug   RW  1768     .debug_pubnames     state_usb.o
    0x0001352c   0x0000002c   Dbug   RW  1771     .debug_pubnames     state_usb.o
    0x00013558   0x000000f4   Dbug   RW  1774     .debug_pubnames     state_usb.o
    0x0001364c   0x00000100   Dbug   RW  1778     .debug_pubnames     state_usb.o
    0x0001374c   0x000014d4   Dbug   RW  1782     .debug_pubnames     state_usb.o
    0x00014c20   0x000000dc   Dbug   RW  1788     .debug_pubnames     state_usb.o
    0x00014cfc   0x00000228   Dbug   RW  1796     .debug_pubnames     state_usb.o
    0x00014f24   0x000001fc   Dbug   RW  1799     .debug_pubnames     state_usb.o
    0x00015120   0x00000218   Dbug   RW  1801     .debug_pubnames     state_usb.o
    0x00015338   0x0000002c   Dbug   RW  1809     .debug_pubnames     state_startup.o
    0x00015364   0x0000002c   Dbug   RW  1812     .debug_pubnames     state_startup.o
    0x00015390   0x0000002c   Dbug   RW  1815     .debug_pubnames     state_startup.o
    0x000153bc   0x00000058   Dbug   RW  1821     .debug_pubnames     state_startup.o
    0x00015414   0x00000028   Dbug   RW  1836     .debug_pubnames     ap_startup.o
    0x0001543c   0x00000028   Dbug   RW  1842     .debug_pubnames     ap_startup.o
    0x00015464   0x0000002c   Dbug   RW  1857     .debug_pubnames     ap_video_preview.o
    0x00015490   0x00000034   Dbug   RW  1860     .debug_pubnames     ap_video_preview.o
    0x000154c4   0x00000038   Dbug   RW  1863     .debug_pubnames     ap_video_preview.o
    0x000154fc   0x0000002c   Dbug   RW  1866     .debug_pubnames     ap_video_preview.o
    0x00015528   0x00000038   Dbug   RW  1869     .debug_pubnames     ap_video_preview.o
    0x00015560   0x00000034   Dbug   RW  1872     .debug_pubnames     ap_video_preview.o
    0x00015594   0x00000044   Dbug   RW  1875     .debug_pubnames     ap_video_preview.o
    0x000155d8   0x00000034   Dbug   RW  1878     .debug_pubnames     ap_video_preview.o
    0x0001560c   0x00000098   Dbug   RW  1881     .debug_pubnames     ap_video_preview.o
    0x000156a4   0x000001c0   Dbug   RW  1885     .debug_pubnames     ap_video_preview.o
    0x00015864   0x000014d4   Dbug   RW  1889     .debug_pubnames     ap_video_preview.o
    0x00016d38   0x00000028   Dbug   RW  1892     .debug_pubnames     ap_video_preview.o
    0x00016d60   0x00000030   Dbug   RW  1901     .debug_pubnames     state_video_preview.o
    0x00016d90   0x00000030   Dbug   RW  1904     .debug_pubnames     state_video_preview.o
    0x00016dc0   0x00000074   Dbug   RW  1907     .debug_pubnames     state_video_preview.o
    0x00016e34   0x0000008c   Dbug   RW  1911     .debug_pubnames     state_video_preview.o
    0x00016ec0   0x00000028   Dbug   RW  1915     .debug_pubnames     state_video_preview.o
    0x00016ee8   0x00000024   Dbug   RW  1936     .debug_pubnames     ap_peripheral_handling.o
    0x00016f0c   0x00000034   Dbug   RW  1939     .debug_pubnames     ap_peripheral_handling.o
    0x00016f40   0x00000034   Dbug   RW  1942     .debug_pubnames     ap_peripheral_handling.o
    0x00016f74   0x00000034   Dbug   RW  1945     .debug_pubnames     ap_peripheral_handling.o
    0x00016fa8   0x00000024   Dbug   RW  1948     .debug_pubnames     ap_peripheral_handling.o
    0x00016fcc   0x00000024   Dbug   RW  1951     .debug_pubnames     ap_peripheral_handling.o
    0x00016ff0   0x00000024   Dbug   RW  1954     .debug_pubnames     ap_peripheral_handling.o
    0x00017014   0x00000024   Dbug   RW  1957     .debug_pubnames     ap_peripheral_handling.o
    0x00017038   0x0000002c   Dbug   RW  1960     .debug_pubnames     ap_peripheral_handling.o
    0x00017064   0x00000028   Dbug   RW  1963     .debug_pubnames     ap_peripheral_handling.o
    0x0001708c   0x00000038   Dbug   RW  1966     .debug_pubnames     ap_peripheral_handling.o
    0x000170c4   0x00000038   Dbug   RW  1969     .debug_pubnames     ap_peripheral_handling.o
    0x000170fc   0x00000038   Dbug   RW  1972     .debug_pubnames     ap_peripheral_handling.o
    0x00017134   0x00000040   Dbug   RW  1975     .debug_pubnames     ap_peripheral_handling.o
    0x00017174   0x00000034   Dbug   RW  1978     .debug_pubnames     ap_peripheral_handling.o
    0x000171a8   0x0000003c   Dbug   RW  1981     .debug_pubnames     ap_peripheral_handling.o
    0x000171e4   0x00000034   Dbug   RW  1984     .debug_pubnames     ap_peripheral_handling.o
    0x00017218   0x00000034   Dbug   RW  1987     .debug_pubnames     ap_peripheral_handling.o
    0x0001724c   0x00000030   Dbug   RW  1990     .debug_pubnames     ap_peripheral_handling.o
    0x0001727c   0x00000030   Dbug   RW  1993     .debug_pubnames     ap_peripheral_handling.o
    0x000172ac   0x00000034   Dbug   RW  1996     .debug_pubnames     ap_peripheral_handling.o
    0x000172e0   0x00000038   Dbug   RW  1999     .debug_pubnames     ap_peripheral_handling.o
    0x00017318   0x00000034   Dbug   RW  2002     .debug_pubnames     ap_peripheral_handling.o
    0x0001734c   0x00000038   Dbug   RW  2005     .debug_pubnames     ap_peripheral_handling.o
    0x00017384   0x00000420   Dbug   RW  2008     .debug_pubnames     ap_peripheral_handling.o
    0x000177a4   0x000003c8   Dbug   RW  2012     .debug_pubnames     ap_peripheral_handling.o
    0x00017b6c   0x000014d4   Dbug   RW  2016     .debug_pubnames     ap_peripheral_handling.o
    0x00019040   0x00000038   Dbug   RW  2018     .debug_pubnames     ap_peripheral_handling.o
    0x00019078   0x00000030   Dbug   RW  2026     .debug_pubnames     ap_storage_service.o
    0x000190a8   0x00000038   Dbug   RW  2029     .debug_pubnames     ap_storage_service.o
    0x000190e0   0x0000002c   Dbug   RW  2032     .debug_pubnames     ap_storage_service.o
    0x0001910c   0x00000038   Dbug   RW  2035     .debug_pubnames     ap_storage_service.o
    0x00019144   0x00000040   Dbug   RW  2038     .debug_pubnames     ap_storage_service.o
    0x00019184   0x00000034   Dbug   RW  2041     .debug_pubnames     ap_storage_service.o
    0x000191b8   0x00000038   Dbug   RW  2044     .debug_pubnames     ap_storage_service.o
    0x000191f0   0x00000038   Dbug   RW  2047     .debug_pubnames     ap_storage_service.o
    0x00019228   0x0000003c   Dbug   RW  2050     .debug_pubnames     ap_storage_service.o
    0x00019264   0x0000003c   Dbug   RW  2053     .debug_pubnames     ap_storage_service.o
    0x000192a0   0x00000034   Dbug   RW  2056     .debug_pubnames     ap_storage_service.o
    0x000192d4   0x00000038   Dbug   RW  2059     .debug_pubnames     ap_storage_service.o
    0x0001930c   0x00000024   Dbug   RW  2062     .debug_pubnames     ap_storage_service.o
    0x00019330   0x00000024   Dbug   RW  2065     .debug_pubnames     ap_storage_service.o
    0x00019354   0x000002f8   Dbug   RW  2068     .debug_pubnames     ap_storage_service.o
    0x0001964c   0x000003f8   Dbug   RW  2072     .debug_pubnames     ap_storage_service.o
    0x00019a44   0x000014d4   Dbug   RW  2076     .debug_pubnames     ap_storage_service.o
    0x0001af18   0x00000158   Dbug   RW  2085     .debug_pubnames     ap_storage_service.o
    0x0001b070   0x00000030   Dbug   RW  2093     .debug_pubnames     task_storage_service.o
    0x0001b0a0   0x000000b4   Dbug   RW  2096     .debug_pubnames     task_storage_service.o
    0x0001b154   0x00000050   Dbug   RW  2100     .debug_pubnames     task_storage_service.o
    0x0001b1a4   0x000014d4   Dbug   RW  2104     .debug_pubnames     task_storage_service.o
    0x0001c678   0x00000038   Dbug   RW  2117     .debug_pubnames     ap_state_handling.o
    0x0001c6b0   0x00000038   Dbug   RW  2120     .debug_pubnames     ap_state_handling.o
    0x0001c6e8   0x0000003c   Dbug   RW  2123     .debug_pubnames     ap_state_handling.o
    0x0001c724   0x00000038   Dbug   RW  2126     .debug_pubnames     ap_state_handling.o
    0x0001c75c   0x00000038   Dbug   RW  2129     .debug_pubnames     ap_state_handling.o
    0x0001c794   0x00000038   Dbug   RW  2132     .debug_pubnames     ap_state_handling.o
    0x0001c7cc   0x00000030   Dbug   RW  2135     .debug_pubnames     ap_state_handling.o
    0x0001c7fc   0x00000030   Dbug   RW  2138     .debug_pubnames     ap_state_handling.o
    0x0001c82c   0x00000038   Dbug   RW  2141     .debug_pubnames     ap_state_handling.o
    0x0001c864   0x00000038   Dbug   RW  2144     .debug_pubnames     ap_state_handling.o
    0x0001c89c   0x0000001c   Dbug   RW  2147     .debug_pubnames     ap_state_handling.o
    0x0001c8b8   0x0000003c   Dbug   RW  2150     .debug_pubnames     ap_state_handling.o
    0x0001c8f4   0x00000038   Dbug   RW  2153     .debug_pubnames     ap_state_handling.o
    0x0001c92c   0x00000030   Dbug   RW  2156     .debug_pubnames     ap_state_handling.o
    0x0001c95c   0x00000034   Dbug   RW  2159     .debug_pubnames     ap_state_handling.o
    0x0001c990   0x00000034   Dbug   RW  2162     .debug_pubnames     ap_state_handling.o
    0x0001c9c4   0x00000034   Dbug   RW  2165     .debug_pubnames     ap_state_handling.o
    0x0001c9f8   0x00000038   Dbug   RW  2168     .debug_pubnames     ap_state_handling.o
    0x0001ca30   0x000001fc   Dbug   RW  2171     .debug_pubnames     ap_state_handling.o
    0x0001cc2c   0x000002a8   Dbug   RW  2175     .debug_pubnames     ap_state_handling.o
    0x0001ced4   0x00000218   Dbug   RW  2179     .debug_pubnames     ap_state_handling.o
    0x0001d0ec   0x0000002c   Dbug   RW  2198     .debug_pubnames     ap_video_record.o
    0x0001d118   0x00000038   Dbug   RW  2201     .debug_pubnames     ap_video_record.o
    0x0001d150   0x00000038   Dbug   RW  2204     .debug_pubnames     ap_video_record.o
    0x0001d188   0x0000003c   Dbug   RW  2207     .debug_pubnames     ap_video_record.o
    0x0001d1c4   0x0000003c   Dbug   RW  2210     .debug_pubnames     ap_video_record.o
    0x0001d200   0x00000030   Dbug   RW  2213     .debug_pubnames     ap_video_record.o
    0x0001d230   0x0000002c   Dbug   RW  2216     .debug_pubnames     ap_video_record.o
    0x0001d25c   0x00000034   Dbug   RW  2219     .debug_pubnames     ap_video_record.o
    0x0001d290   0x0000002c   Dbug   RW  2222     .debug_pubnames     ap_video_record.o
    0x0001d2bc   0x00000038   Dbug   RW  2225     .debug_pubnames     ap_video_record.o
    0x0001d2f4   0x00000030   Dbug   RW  2228     .debug_pubnames     ap_video_record.o
    0x0001d324   0x00000030   Dbug   RW  2231     .debug_pubnames     ap_video_record.o
    0x0001d354   0x00000030   Dbug   RW  2234     .debug_pubnames     ap_video_record.o
    0x0001d384   0x00000038   Dbug   RW  2237     .debug_pubnames     ap_video_record.o
    0x0001d3bc   0x00000034   Dbug   RW  2240     .debug_pubnames     ap_video_record.o
    0x0001d3f0   0x00000108   Dbug   RW  2243     .debug_pubnames     ap_video_record.o
    0x0001d4f8   0x0000027c   Dbug   RW  2247     .debug_pubnames     ap_video_record.o
    0x0001d774   0x00000030   Dbug   RW  2254     .debug_pubnames     state_video_record.o
    0x0001d7a4   0x00000030   Dbug   RW  2257     .debug_pubnames     state_video_record.o
    0x0001d7d4   0x00000064   Dbug   RW  2260     .debug_pubnames     state_video_record.o
    0x0001d838   0x00000068   Dbug   RW  2264     .debug_pubnames     state_video_record.o
    0x0001d8a0   0x00000024   Dbug   RW  2375     .debug_pubnames     drv_l1_sensor.o
    0x0001d8c4   0x00000024   Dbug   RW  2378     .debug_pubnames     drv_l1_sensor.o
    0x0001d8e8   0x00000020   Dbug   RW  2381     .debug_pubnames     drv_l1_sensor.o
    0x0001d908   0x00000020   Dbug   RW  2384     .debug_pubnames     drv_l1_sensor.o
    0x0001d928   0x00000024   Dbug   RW  2387     .debug_pubnames     drv_l1_sensor.o
    0x0001d94c   0x00000020   Dbug   RW  2390     .debug_pubnames     drv_l1_sensor.o
    0x0001d96c   0x00000020   Dbug   RW  2393     .debug_pubnames     drv_l1_sensor.o
    0x0001d98c   0x00000030   Dbug   RW  2396     .debug_pubnames     drv_l1_sensor.o
    0x0001d9bc   0x00000030   Dbug   RW  2399     .debug_pubnames     drv_l1_sensor.o
    0x0001d9ec   0x00000030   Dbug   RW  2402     .debug_pubnames     drv_l1_sensor.o
    0x0001da1c   0x00000028   Dbug   RW  2405     .debug_pubnames     drv_l1_sensor.o
    0x0001da44   0x0000002c   Dbug   RW  2408     .debug_pubnames     drv_l1_sensor.o
    0x0001da70   0x0000002c   Dbug   RW  2411     .debug_pubnames     drv_l1_sensor.o
    0x0001da9c   0x0000002c   Dbug   RW  2414     .debug_pubnames     drv_l1_sensor.o
    0x0001dac8   0x00000034   Dbug   RW  2417     .debug_pubnames     drv_l1_sensor.o
    0x0001dafc   0x00000030   Dbug   RW  2420     .debug_pubnames     drv_l1_sensor.o
    0x0001db2c   0x00000034   Dbug   RW  2423     .debug_pubnames     drv_l1_sensor.o
    0x0001db60   0x000001ac   Dbug   RW  2430     .debug_pubnames     drv_l1_sensor.o
    0x0001dd0c   0x0000002c   Dbug   RW  2450     .debug_pubnames     ap_display.o
    0x0001dd38   0x00000030   Dbug   RW  2453     .debug_pubnames     ap_display.o
    0x0001dd68   0x0000002c   Dbug   RW  2456     .debug_pubnames     ap_display.o
    0x0001dd94   0x0000002c   Dbug   RW  2459     .debug_pubnames     ap_display.o
    0x0001ddc0   0x0000002c   Dbug   RW  2462     .debug_pubnames     ap_display.o
    0x0001ddec   0x00000030   Dbug   RW  2465     .debug_pubnames     ap_display.o
    0x0001de1c   0x0000002c   Dbug   RW  2468     .debug_pubnames     ap_display.o
    0x0001de48   0x00000030   Dbug   RW  2471     .debug_pubnames     ap_display.o
    0x0001de78   0x00000038   Dbug   RW  2474     .debug_pubnames     ap_display.o
    0x0001deb0   0x0000002c   Dbug   RW  2477     .debug_pubnames     ap_display.o
    0x0001dedc   0x00000028   Dbug   RW  2480     .debug_pubnames     ap_display.o
    0x0001df04   0x0000002c   Dbug   RW  2483     .debug_pubnames     ap_display.o
    0x0001df30   0x0000002c   Dbug   RW  2486     .debug_pubnames     ap_display.o
    0x0001df5c   0x00000030   Dbug   RW  2489     .debug_pubnames     ap_display.o
    0x0001df8c   0x00000034   Dbug   RW  2492     .debug_pubnames     ap_display.o
    0x0001dfc0   0x0000002c   Dbug   RW  2495     .debug_pubnames     ap_display.o
    0x0001dfec   0x00000030   Dbug   RW  2498     .debug_pubnames     ap_display.o
    0x0001e01c   0x00000034   Dbug   RW  2501     .debug_pubnames     ap_display.o
    0x0001e050   0x0000003c   Dbug   RW  2504     .debug_pubnames     ap_display.o
    0x0001e08c   0x00000030   Dbug   RW  2507     .debug_pubnames     ap_display.o
    0x0001e0bc   0x00000034   Dbug   RW  2510     .debug_pubnames     ap_display.o
    0x0001e0f0   0x00000030   Dbug   RW  2513     .debug_pubnames     ap_display.o
    0x0001e120   0x00000038   Dbug   RW  2516     .debug_pubnames     ap_display.o
    0x0001e158   0x00000034   Dbug   RW  2519     .debug_pubnames     ap_display.o
    0x0001e18c   0x00000038   Dbug   RW  2522     .debug_pubnames     ap_display.o
    0x0001e1c4   0x00000034   Dbug   RW  2525     .debug_pubnames     ap_display.o
    0x0001e1f8   0x00000030   Dbug   RW  2528     .debug_pubnames     ap_display.o
    0x0001e228   0x00000034   Dbug   RW  2531     .debug_pubnames     ap_display.o
    0x0001e25c   0x00000038   Dbug   RW  2534     .debug_pubnames     ap_display.o
    0x0001e294   0x00000030   Dbug   RW  2537     .debug_pubnames     ap_display.o
    0x0001e2c4   0x00000030   Dbug   RW  2540     .debug_pubnames     ap_display.o
    0x0001e2f4   0x00000030   Dbug   RW  2543     .debug_pubnames     ap_display.o
    0x0001e324   0x00000030   Dbug   RW  2546     .debug_pubnames     ap_display.o
    0x0001e354   0x00000030   Dbug   RW  2549     .debug_pubnames     ap_display.o
    0x0001e384   0x00000034   Dbug   RW  2552     .debug_pubnames     ap_display.o
    0x0001e3b8   0x00000028   Dbug   RW  2555     .debug_pubnames     ap_display.o
    0x0001e3e0   0x00000034   Dbug   RW  2558     .debug_pubnames     ap_display.o
    0x0001e414   0x0000003c   Dbug   RW  2561     .debug_pubnames     ap_display.o
    0x0001e450   0x00000030   Dbug   RW  2564     .debug_pubnames     ap_display.o
    0x0001e480   0x00000030   Dbug   RW  2567     .debug_pubnames     ap_display.o
    0x0001e4b0   0x00000034   Dbug   RW  2570     .debug_pubnames     ap_display.o
    0x0001e4e4   0x0000003c   Dbug   RW  2573     .debug_pubnames     ap_display.o
    0x0001e520   0x0000003c   Dbug   RW  2576     .debug_pubnames     ap_display.o
    0x0001e55c   0x00000040   Dbug   RW  2579     .debug_pubnames     ap_display.o
    0x0001e59c   0x00000034   Dbug   RW  2582     .debug_pubnames     ap_display.o
    0x0001e5d0   0x00000200   Dbug   RW  2585     .debug_pubnames     ap_display.o
    0x0001e7d0   0x000005d8   Dbug   RW  2589     .debug_pubnames     ap_display.o
    0x0001eda8   0x00000f1c   Dbug   RW  2593     .debug_pubnames     ap_display.o
    0x0001fcc4   0x00000218   Dbug   RW  2600     .debug_pubnames     ap_display.o
    0x0001fedc   0x00000e98   Dbug   RW  2607     .debug_pubnames     task_display.o
    0x00020d74   0x00000038   Dbug   RW  2612     .debug_pubnames     ap_state_config.o
    0x00020dac   0x00000038   Dbug   RW  2615     .debug_pubnames     ap_state_config.o
    0x00020de4   0x00000034   Dbug   RW  2618     .debug_pubnames     ap_state_config.o
    0x00020e18   0x00000034   Dbug   RW  2621     .debug_pubnames     ap_state_config.o
    0x00020e4c   0x00000034   Dbug   RW  2624     .debug_pubnames     ap_state_config.o
    0x00020e80   0x00000038   Dbug   RW  2627     .debug_pubnames     ap_state_config.o
    0x00020eb8   0x00000038   Dbug   RW  2630     .debug_pubnames     ap_state_config.o
    0x00020ef0   0x00000040   Dbug   RW  2633     .debug_pubnames     ap_state_config.o
    0x00020f30   0x00000040   Dbug   RW  2636     .debug_pubnames     ap_state_config.o
    0x00020f70   0x00000038   Dbug   RW  2639     .debug_pubnames     ap_state_config.o
    0x00020fa8   0x00000038   Dbug   RW  2642     .debug_pubnames     ap_state_config.o
    0x00020fe0   0x00000030   Dbug   RW  2645     .debug_pubnames     ap_state_config.o
    0x00021010   0x00000030   Dbug   RW  2648     .debug_pubnames     ap_state_config.o
    0x00021040   0x00000030   Dbug   RW  2651     .debug_pubnames     ap_state_config.o
    0x00021070   0x00000030   Dbug   RW  2654     .debug_pubnames     ap_state_config.o
    0x000210a0   0x00000030   Dbug   RW  2657     .debug_pubnames     ap_state_config.o
    0x000210d0   0x00000030   Dbug   RW  2660     .debug_pubnames     ap_state_config.o
    0x00021100   0x0000003c   Dbug   RW  2663     .debug_pubnames     ap_state_config.o
    0x0002113c   0x0000003c   Dbug   RW  2666     .debug_pubnames     ap_state_config.o
    0x00021178   0x00000040   Dbug   RW  2669     .debug_pubnames     ap_state_config.o
    0x000211b8   0x00000040   Dbug   RW  2672     .debug_pubnames     ap_state_config.o
    0x000211f8   0x00000030   Dbug   RW  2675     .debug_pubnames     ap_state_config.o
    0x00021228   0x0000002c   Dbug   RW  2678     .debug_pubnames     ap_state_config.o
    0x00021254   0x00000038   Dbug   RW  2681     .debug_pubnames     ap_state_config.o
    0x0002128c   0x00000020   Dbug   RW  2684     .debug_pubnames     ap_state_config.o
    0x000212ac   0x0000002c   Dbug   RW  2687     .debug_pubnames     ap_state_config.o
    0x000212d8   0x00000038   Dbug   RW  2690     .debug_pubnames     ap_state_config.o
    0x00021310   0x00000038   Dbug   RW  2693     .debug_pubnames     ap_state_config.o
    0x00021348   0x00000038   Dbug   RW  2696     .debug_pubnames     ap_state_config.o
    0x00021380   0x00000038   Dbug   RW  2699     .debug_pubnames     ap_state_config.o
    0x000213b8   0x00000030   Dbug   RW  2702     .debug_pubnames     ap_state_config.o
    0x000213e8   0x00000030   Dbug   RW  2705     .debug_pubnames     ap_state_config.o
    0x00021418   0x00000034   Dbug   RW  2708     .debug_pubnames     ap_state_config.o
    0x0002144c   0x00000034   Dbug   RW  2711     .debug_pubnames     ap_state_config.o
    0x00021480   0x00000040   Dbug   RW  2714     .debug_pubnames     ap_state_config.o
    0x000214c0   0x00000040   Dbug   RW  2717     .debug_pubnames     ap_state_config.o
    0x00021500   0x00000030   Dbug   RW  2720     .debug_pubnames     ap_state_config.o
    0x00021530   0x00000034   Dbug   RW  2723     .debug_pubnames     ap_state_config.o
    0x00021564   0x00000034   Dbug   RW  2726     .debug_pubnames     ap_state_config.o
    0x00021598   0x00000038   Dbug   RW  2729     .debug_pubnames     ap_state_config.o
    0x000215d0   0x00000038   Dbug   RW  2732     .debug_pubnames     ap_state_config.o
    0x00021608   0x00000030   Dbug   RW  2735     .debug_pubnames     ap_state_config.o
    0x00021638   0x00000030   Dbug   RW  2738     .debug_pubnames     ap_state_config.o
    0x00021668   0x00000030   Dbug   RW  2741     .debug_pubnames     ap_state_config.o
    0x00021698   0x00000030   Dbug   RW  2744     .debug_pubnames     ap_state_config.o
    0x000216c8   0x00000038   Dbug   RW  2747     .debug_pubnames     ap_state_config.o
    0x00021700   0x00000038   Dbug   RW  2750     .debug_pubnames     ap_state_config.o
    0x00021738   0x00000034   Dbug   RW  2753     .debug_pubnames     ap_state_config.o
    0x0002176c   0x00000034   Dbug   RW  2756     .debug_pubnames     ap_state_config.o
    0x000217a0   0x00000034   Dbug   RW  2759     .debug_pubnames     ap_state_config.o
    0x000217d4   0x00000034   Dbug   RW  2762     .debug_pubnames     ap_state_config.o
    0x00021808   0x0000003c   Dbug   RW  2765     .debug_pubnames     ap_state_config.o
    0x00021844   0x0000003c   Dbug   RW  2768     .debug_pubnames     ap_state_config.o
    0x00021880   0x00000034   Dbug   RW  2771     .debug_pubnames     ap_state_config.o
    0x000218b4   0x00000034   Dbug   RW  2774     .debug_pubnames     ap_state_config.o
    0x000218e8   0x0000003c   Dbug   RW  2777     .debug_pubnames     ap_state_config.o
    0x00021924   0x0000003c   Dbug   RW  2780     .debug_pubnames     ap_state_config.o
    0x00021960   0x0000003c   Dbug   RW  2783     .debug_pubnames     ap_state_config.o
    0x0002199c   0x0000003c   Dbug   RW  2786     .debug_pubnames     ap_state_config.o
    0x000219d8   0x00000034   Dbug   RW  2789     .debug_pubnames     ap_state_config.o
    0x00021a0c   0x00000034   Dbug   RW  2792     .debug_pubnames     ap_state_config.o
    0x00021a40   0x00000038   Dbug   RW  2795     .debug_pubnames     ap_state_config.o
    0x00021a78   0x00000038   Dbug   RW  2798     .debug_pubnames     ap_state_config.o
    0x00021ab0   0x00000034   Dbug   RW  2801     .debug_pubnames     ap_state_config.o
    0x00021ae4   0x00000034   Dbug   RW  2804     .debug_pubnames     ap_state_config.o
    0x00021b18   0x00000034   Dbug   RW  2807     .debug_pubnames     ap_state_config.o
    0x00021b4c   0x00000034   Dbug   RW  2810     .debug_pubnames     ap_state_config.o
    0x00021b80   0x00000034   Dbug   RW  2813     .debug_pubnames     ap_state_config.o
    0x00021bb4   0x00000034   Dbug   RW  2816     .debug_pubnames     ap_state_config.o
    0x00021be8   0x00000034   Dbug   RW  2819     .debug_pubnames     ap_state_config.o
    0x00021c1c   0x00000034   Dbug   RW  2822     .debug_pubnames     ap_state_config.o
    0x00021c50   0x00000038   Dbug   RW  2825     .debug_pubnames     ap_state_config.o
    0x00021c88   0x00000038   Dbug   RW  2828     .debug_pubnames     ap_state_config.o
    0x00021cc0   0x00000034   Dbug   RW  2831     .debug_pubnames     ap_state_config.o
    0x00021cf4   0x00000038   Dbug   RW  2834     .debug_pubnames     ap_state_config.o
    0x00021d2c   0x0000002c   Dbug   RW  2837     .debug_pubnames     ap_state_config.o
    0x00021d58   0x0000002c   Dbug   RW  2840     .debug_pubnames     ap_state_config.o
    0x00021d84   0x00000034   Dbug   RW  2843     .debug_pubnames     ap_state_config.o
    0x00021db8   0x00000034   Dbug   RW  2846     .debug_pubnames     ap_state_config.o
    0x00021dec   0x00000038   Dbug   RW  2849     .debug_pubnames     ap_state_config.o
    0x00021e24   0x00000038   Dbug   RW  2852     .debug_pubnames     ap_state_config.o
    0x00021e5c   0x00000034   Dbug   RW  2855     .debug_pubnames     ap_state_config.o
    0x00021e90   0x00000034   Dbug   RW  2858     .debug_pubnames     ap_state_config.o
    0x00021ec4   0x00000024   Dbug   RW  2861     .debug_pubnames     ap_state_config.o
    0x00021ee8   0x00000054   Dbug   RW  2864     .debug_pubnames     ap_state_config.o
    0x00021f3c   0x00000b80   Dbug   RW  2868     .debug_pubnames     ap_state_config.o
    0x00022abc   0x00000044   Dbug   RW  2889     .debug_pubnames     ap_state_resource.o
    0x00022b00   0x00000044   Dbug   RW  2892     .debug_pubnames     ap_state_resource.o
    0x00022b44   0x00000024   Dbug   RW  2895     .debug_pubnames     ap_state_resource.o
    0x00022b68   0x00000044   Dbug   RW  2898     .debug_pubnames     ap_state_resource.o
    0x00022bac   0x00000044   Dbug   RW  2901     .debug_pubnames     ap_state_resource.o
    0x00022bf0   0x00000040   Dbug   RW  2904     .debug_pubnames     ap_state_resource.o
    0x00022c30   0x00000034   Dbug   RW  2907     .debug_pubnames     ap_state_resource.o
    0x00022c64   0x0000003c   Dbug   RW  2910     .debug_pubnames     ap_state_resource.o
    0x00022ca0   0x0000003c   Dbug   RW  2913     .debug_pubnames     ap_state_resource.o
    0x00022cdc   0x0000003c   Dbug   RW  2916     .debug_pubnames     ap_state_resource.o
    0x00022d18   0x00000228   Dbug   RW  2919     .debug_pubnames     ap_state_resource.o
    0x00022f40   0x00000278   Dbug   RW  2923     .debug_pubnames     ap_state_resource.o
    0x000231b8   0x00000f1c   Dbug   RW  2939     .debug_pubnames     video_decoder_app.o
    0x000240d4   0x00000020   Dbug   RW  3002     .debug_pubnames     drv_l1_dac.o
    0x000240f4   0x00000020   Dbug   RW  3008     .debug_pubnames     drv_l1_dac.o
    0x00024114   0x00000024   Dbug   RW  3025     .debug_pubnames     ap_state_firmware_upgrade.o
    0x00024138   0x00000024   Dbug   RW  3028     .debug_pubnames     ap_state_firmware_upgrade.o
    0x0002415c   0x00000020   Dbug   RW  3031     .debug_pubnames     ap_state_firmware_upgrade.o
    0x0002417c   0x00000024   Dbug   RW  3034     .debug_pubnames     ap_state_firmware_upgrade.o
    0x000241a0   0x00000028   Dbug   RW  3037     .debug_pubnames     ap_state_firmware_upgrade.o
    0x000241c8   0x00000024   Dbug   RW  3040     .debug_pubnames     ap_state_firmware_upgrade.o
    0x000241ec   0x0000002c   Dbug   RW  3043     .debug_pubnames     ap_state_firmware_upgrade.o
    0x00024218   0x00000028   Dbug   RW  3046     .debug_pubnames     ap_state_firmware_upgrade.o
    0x00024240   0x0000008c   Dbug   RW  3050     .debug_pubnames     ap_state_firmware_upgrade.o
    0x000242cc   0x00000090   Dbug   RW  3055     .debug_pubnames     ap_state_firmware_upgrade.o
    0x0002435c   0x00000368   Dbug   RW  3057     .debug_pubnames     ap_state_firmware_upgrade.o
    0x000246c4   0x000000f8   Dbug   RW  3061     .debug_pubnames     ap_state_firmware_upgrade.o
    0x000247bc   0x0000007c   Dbug   RW  3065     .debug_pubnames     ap_state_firmware_upgrade.o
    0x00024838   0x00001304   Dbug   RW  3077     .debug_pubnames     ap_state_firmware_upgrade.o
    0x00025b3c   0x00000344   Dbug   RW  3083     .debug_pubnames     ap_state_firmware_upgrade.o
    0x00025e80   0x000014d4   Dbug   RW  3085     .debug_pubnames     ap_state_firmware_upgrade.o
    0x00027354   0x00000218   Dbug   RW  3087     .debug_pubnames     ap_state_firmware_upgrade.o
    0x0002756c   0x0000006c   Dbug   RW  3092     .debug_pubnames     ap_state_firmware_upgrade.o
    0x000275d8   0x000000dc   Dbug   RW  3096     .debug_pubnames     ap_state_firmware_upgrade.o
    0x000276b4   0x00000118   Dbug   RW  3115     .debug_pubnames     drv_l2_usbd_descriptor_tbl.o
    0x000277cc   0x00000114   Dbug   RW  3130     .debug_pubnames     drv_l2_usbd_uvc_descriptor_tbl.o
    0x000278e0   0x00000024   Dbug   RW  3142     .debug_pubnames     ap_usb.o
    0x00027904   0x00000030   Dbug   RW  3145     .debug_pubnames     ap_usb.o
    0x00027934   0x00000030   Dbug   RW  3148     .debug_pubnames     ap_usb.o
    0x00027964   0x00000030   Dbug   RW  3151     .debug_pubnames     ap_usb.o
    0x00027994   0x0000002c   Dbug   RW  3154     .debug_pubnames     ap_usb.o
    0x000279c0   0x0000002c   Dbug   RW  3157     .debug_pubnames     ap_usb.o
    0x000279ec   0x0000002c   Dbug   RW  3160     .debug_pubnames     ap_usb.o
    0x00027a18   0x00000030   Dbug   RW  3163     .debug_pubnames     ap_usb.o
    0x00027a48   0x0000002c   Dbug   RW  3166     .debug_pubnames     ap_usb.o
    0x00027a74   0x00000030   Dbug   RW  3169     .debug_pubnames     ap_usb.o
    0x00027aa4   0x00000030   Dbug   RW  3172     .debug_pubnames     ap_usb.o
    0x00027ad4   0x00000028   Dbug   RW  3175     .debug_pubnames     ap_usb.o
    0x00027afc   0x00000028   Dbug   RW  3178     .debug_pubnames     ap_usb.o
    0x00027b24   0x00000024   Dbug   RW  3181     .debug_pubnames     ap_usb.o
    0x00027b48   0x00000020   Dbug   RW  3184     .debug_pubnames     ap_usb.o
    0x00027b68   0x00000024   Dbug   RW  3187     .debug_pubnames     ap_usb.o
    0x00027b8c   0x00000024   Dbug   RW  3190     .debug_pubnames     ap_usb.o
    0x00027bb0   0x00000020   Dbug   RW  3193     .debug_pubnames     ap_usb.o
    0x00027bd0   0x00000028   Dbug   RW  3196     .debug_pubnames     ap_usb.o
    0x00027bf8   0x00000030   Dbug   RW  3199     .debug_pubnames     ap_usb.o
    0x00027c28   0x00000030   Dbug   RW  3202     .debug_pubnames     ap_usb.o
    0x00027c58   0x00000028   Dbug   RW  3205     .debug_pubnames     ap_usb.o
    0x00027c80   0x0000034c   Dbug   RW  3208     .debug_pubnames     ap_usb.o
    0x00027fcc   0x00000214   Dbug   RW  3212     .debug_pubnames     ap_usb.o
    0x000281e0   0x00000084   Dbug   RW  3217     .debug_pubnames     ap_usb.o
    0x00028264   0x00000344   Dbug   RW  3220     .debug_pubnames     ap_usb.o
    0x000285a8   0x000014d4   Dbug   RW  3222     .debug_pubnames     ap_usb.o
    0x00029a7c   0x00000218   Dbug   RW  3230     .debug_pubnames     ap_usb.o
    0x00029c94   0x000001fc   Dbug   RW  3232     .debug_pubnames     ap_usb.o
    0x00029e90   0x00000020   Dbug   RW  3350     .debug_pubnames     my_video_codec_callback.o
    0x00029eb0   0x0000002c   Dbug   RW  3353     .debug_pubnames     my_video_codec_callback.o
    0x00029edc   0x00000030   Dbug   RW  3356     .debug_pubnames     my_video_codec_callback.o
    0x00029f0c   0x00000034   Dbug   RW  3359     .debug_pubnames     my_video_codec_callback.o
    0x00029f40   0x00000034   Dbug   RW  3362     .debug_pubnames     my_video_codec_callback.o
    0x00029f74   0x00000030   Dbug   RW  3365     .debug_pubnames     my_video_codec_callback.o
    0x00029fa4   0x0000002c   Dbug   RW  3368     .debug_pubnames     my_video_codec_callback.o
    0x00029fd0   0x00000030   Dbug   RW  3371     .debug_pubnames     my_video_codec_callback.o
    0x0002a000   0x0000002c   Dbug   RW  3374     .debug_pubnames     my_video_codec_callback.o
    0x0002a02c   0x00000030   Dbug   RW  3377     .debug_pubnames     my_video_codec_callback.o
    0x0002a05c   0x00000028   Dbug   RW  3380     .debug_pubnames     my_video_codec_callback.o
    0x0002a084   0x00000030   Dbug   RW  3383     .debug_pubnames     my_video_codec_callback.o
    0x0002a0b4   0x00000034   Dbug   RW  3386     .debug_pubnames     my_video_codec_callback.o
    0x0002a0e8   0x00000034   Dbug   RW  3389     .debug_pubnames     my_video_codec_callback.o
    0x0002a11c   0x0000002c   Dbug   RW  3392     .debug_pubnames     my_video_codec_callback.o
    0x0002a148   0x000003dc   Dbug   RW  3395     .debug_pubnames     my_video_codec_callback.o
    0x0002a524   0x000002d0   Dbug   RW  3399     .debug_pubnames     my_video_codec_callback.o
    0x0002a7f4   0x000014d4   Dbug   RW  3403     .debug_pubnames     my_video_codec_callback.o
    0x0002bcc8   0x00000024   Dbug   RW  3418     .debug_pubnames     drv_l2_spifc.o
    0x0002bcec   0x0000002c   Dbug   RW  3421     .debug_pubnames     drv_l2_spifc.o
    0x0002bd18   0x0000002c   Dbug   RW  3424     .debug_pubnames     drv_l2_spifc.o
    0x0002bd44   0x0000002c   Dbug   RW  3427     .debug_pubnames     drv_l2_spifc.o
    0x0002bd70   0x00000028   Dbug   RW  3430     .debug_pubnames     drv_l2_spifc.o
    0x0002bd98   0x00000024   Dbug   RW  3433     .debug_pubnames     drv_l2_spifc.o
    0x0002bdbc   0x00000024   Dbug   RW  3436     .debug_pubnames     drv_l2_spifc.o
    0x0002bde0   0x00000024   Dbug   RW  3439     .debug_pubnames     drv_l2_spifc.o
    0x0002be04   0x00000024   Dbug   RW  3442     .debug_pubnames     drv_l2_spifc.o
    0x0002be28   0x0000002c   Dbug   RW  3445     .debug_pubnames     drv_l2_spifc.o
    0x0002be54   0x00000024   Dbug   RW  3448     .debug_pubnames     drv_l2_spifc.o
    0x0002be78   0x00000028   Dbug   RW  3451     .debug_pubnames     drv_l2_spifc.o
    0x0002bea0   0x00000100   Dbug   RW  3455     .debug_pubnames     drv_l2_spifc.o
    0x0002bfa0   0x00000024   Dbug   RW  3465     .debug_pubnames     drv_l1_spifc.o
    0x0002bfc4   0x00000028   Dbug   RW  3468     .debug_pubnames     drv_l1_spifc.o
    0x0002bfec   0x00000030   Dbug   RW  3471     .debug_pubnames     drv_l1_spifc.o
    0x0002c01c   0x00000030   Dbug   RW  3474     .debug_pubnames     drv_l1_spifc.o
    0x0002c04c   0x00000030   Dbug   RW  3477     .debug_pubnames     drv_l1_spifc.o
    0x0002c07c   0x0000002c   Dbug   RW  3480     .debug_pubnames     drv_l1_spifc.o
    0x0002c0a8   0x00000030   Dbug   RW  3483     .debug_pubnames     drv_l1_spifc.o
    0x0002c0d8   0x0000002c   Dbug   RW  3486     .debug_pubnames     drv_l1_spifc.o
    0x0002c104   0x00000024   Dbug   RW  3489     .debug_pubnames     drv_l1_spifc.o
    0x0002c128   0x00000028   Dbug   RW  3492     .debug_pubnames     drv_l1_spifc.o
    0x0002c150   0x00000020   Dbug   RW  3495     .debug_pubnames     drv_l1_spifc.o
    0x0002c170   0x000000fc   Dbug   RW  3499     .debug_pubnames     drv_l1_spifc.o
    0x0002c26c   0x00000024   Dbug   RW  3505     .debug_pubnames     spi_flash_mxic.o
    0x0002c290   0x00000020   Dbug   RW  3508     .debug_pubnames     spi_flash_mxic.o
    0x0002c2b0   0x00000028   Dbug   RW  3511     .debug_pubnames     spi_flash_mxic.o
    0x0002c2d8   0x00000028   Dbug   RW  3514     .debug_pubnames     spi_flash_mxic.o
    0x0002c300   0x0000002c   Dbug   RW  3517     .debug_pubnames     spi_flash_mxic.o
    0x0002c32c   0x00000024   Dbug   RW  3520     .debug_pubnames     spi_flash_mxic.o
    0x0002c350   0x00000024   Dbug   RW  3523     .debug_pubnames     spi_flash_mxic.o
    0x0002c374   0x0000002c   Dbug   RW  3526     .debug_pubnames     spi_flash_mxic.o
    0x0002c3a0   0x00000098   Dbug   RW  3532     .debug_pubnames     spi_flash_mxic.o
    0x0002c438   0x00000024   Dbug   RW  3546     .debug_pubnames     drv_l2_sensor.o
    0x0002c45c   0x00000030   Dbug   RW  3549     .debug_pubnames     drv_l2_sensor.o
    0x0002c48c   0x00000028   Dbug   RW  3552     .debug_pubnames     drv_l2_sensor.o
    0x0002c4b4   0x00000028   Dbug   RW  3555     .debug_pubnames     drv_l2_sensor.o
    0x0002c4dc   0x00000028   Dbug   RW  3558     .debug_pubnames     drv_l2_sensor.o
    0x0002c504   0x00000024   Dbug   RW  3561     .debug_pubnames     drv_l2_sensor.o
    0x0002c528   0x000000ac   Dbug   RW  3564     .debug_pubnames     drv_l2_sensor.o
    0x0002c5d4   0x000000c8   Dbug   RW  3568     .debug_pubnames     drv_l2_sensor.o
    0x0002c69c   0x00000030   Dbug   RW  3575     .debug_pubnames     drv_l1_cdsp.o
    0x0002c6cc   0x0000002c   Dbug   RW  3578     .debug_pubnames     drv_l1_cdsp.o
    0x0002c6f8   0x00000028   Dbug   RW  3581     .debug_pubnames     drv_l1_cdsp.o
    0x0002c720   0x00000028   Dbug   RW  3584     .debug_pubnames     drv_l1_cdsp.o
    0x0002c748   0x00000028   Dbug   RW  3587     .debug_pubnames     drv_l1_cdsp.o
    0x0002c770   0x00000024   Dbug   RW  3590     .debug_pubnames     drv_l1_cdsp.o
    0x0002c794   0x00000034   Dbug   RW  3593     .debug_pubnames     drv_l1_cdsp.o
    0x0002c7c8   0x00000034   Dbug   RW  3596     .debug_pubnames     drv_l1_cdsp.o
    0x0002c7fc   0x0000002c   Dbug   RW  3599     .debug_pubnames     drv_l1_cdsp.o
    0x0002c828   0x0000002c   Dbug   RW  3602     .debug_pubnames     drv_l1_cdsp.o
    0x0002c854   0x0000002c   Dbug   RW  3605     .debug_pubnames     drv_l1_cdsp.o
    0x0002c880   0x00000034   Dbug   RW  3608     .debug_pubnames     drv_l1_cdsp.o
    0x0002c8b4   0x00000024   Dbug   RW  3611     .debug_pubnames     drv_l1_cdsp.o
    0x0002c8d8   0x00000030   Dbug   RW  3614     .debug_pubnames     drv_l1_cdsp.o
    0x0002c908   0x0000002c   Dbug   RW  3617     .debug_pubnames     drv_l1_cdsp.o
    0x0002c934   0x00000028   Dbug   RW  3620     .debug_pubnames     drv_l1_cdsp.o
    0x0002c95c   0x0000002c   Dbug   RW  3623     .debug_pubnames     drv_l1_cdsp.o
    0x0002c988   0x00000028   Dbug   RW  3626     .debug_pubnames     drv_l1_cdsp.o
    0x0002c9b0   0x0000002c   Dbug   RW  3629     .debug_pubnames     drv_l1_cdsp.o
    0x0002c9dc   0x00000030   Dbug   RW  3632     .debug_pubnames     drv_l1_cdsp.o
    0x0002ca0c   0x0000002c   Dbug   RW  3635     .debug_pubnames     drv_l1_cdsp.o
    0x0002ca38   0x00000028   Dbug   RW  3638     .debug_pubnames     drv_l1_cdsp.o
    0x0002ca60   0x00000030   Dbug   RW  3641     .debug_pubnames     drv_l1_cdsp.o
    0x0002ca90   0x00000028   Dbug   RW  3644     .debug_pubnames     drv_l1_cdsp.o
    0x0002cab8   0x00000028   Dbug   RW  3647     .debug_pubnames     drv_l1_cdsp.o
    0x0002cae0   0x0000002c   Dbug   RW  3650     .debug_pubnames     drv_l1_cdsp.o
    0x0002cb0c   0x0000002c   Dbug   RW  3653     .debug_pubnames     drv_l1_cdsp.o
    0x0002cb38   0x0000002c   Dbug   RW  3656     .debug_pubnames     drv_l1_cdsp.o
    0x0002cb64   0x0000002c   Dbug   RW  3659     .debug_pubnames     drv_l1_cdsp.o
    0x0002cb90   0x0000002c   Dbug   RW  3662     .debug_pubnames     drv_l1_cdsp.o
    0x0002cbbc   0x0000002c   Dbug   RW  3665     .debug_pubnames     drv_l1_cdsp.o
    0x0002cbe8   0x00000028   Dbug   RW  3668     .debug_pubnames     drv_l1_cdsp.o
    0x0002cc10   0x0000002c   Dbug   RW  3671     .debug_pubnames     drv_l1_cdsp.o
    0x0002cc3c   0x00000028   Dbug   RW  3674     .debug_pubnames     drv_l1_cdsp.o
    0x0002cc64   0x00000028   Dbug   RW  3677     .debug_pubnames     drv_l1_cdsp.o
    0x0002cc8c   0x0000002c   Dbug   RW  3680     .debug_pubnames     drv_l1_cdsp.o
    0x0002ccb8   0x00000030   Dbug   RW  3683     .debug_pubnames     drv_l1_cdsp.o
    0x0002cce8   0x00000030   Dbug   RW  3686     .debug_pubnames     drv_l1_cdsp.o
    0x0002cd18   0x00000028   Dbug   RW  3689     .debug_pubnames     drv_l1_cdsp.o
    0x0002cd40   0x0000002c   Dbug   RW  3692     .debug_pubnames     drv_l1_cdsp.o
    0x0002cd6c   0x00000028   Dbug   RW  3695     .debug_pubnames     drv_l1_cdsp.o
    0x0002cd94   0x00000028   Dbug   RW  3698     .debug_pubnames     drv_l1_cdsp.o
    0x0002cdbc   0x0000002c   Dbug   RW  3701     .debug_pubnames     drv_l1_cdsp.o
    0x0002cde8   0x0000002c   Dbug   RW  3704     .debug_pubnames     drv_l1_cdsp.o
    0x0002ce14   0x00000028   Dbug   RW  3707     .debug_pubnames     drv_l1_cdsp.o
    0x0002ce3c   0x00000028   Dbug   RW  3710     .debug_pubnames     drv_l1_cdsp.o
    0x0002ce64   0x0000002c   Dbug   RW  3713     .debug_pubnames     drv_l1_cdsp.o
    0x0002ce90   0x0000002c   Dbug   RW  3716     .debug_pubnames     drv_l1_cdsp.o
    0x0002cebc   0x00000024   Dbug   RW  3719     .debug_pubnames     drv_l1_cdsp.o
    0x0002cee0   0x0000002c   Dbug   RW  3722     .debug_pubnames     drv_l1_cdsp.o
    0x0002cf0c   0x0000002c   Dbug   RW  3725     .debug_pubnames     drv_l1_cdsp.o
    0x0002cf38   0x00000028   Dbug   RW  3728     .debug_pubnames     drv_l1_cdsp.o
    0x0002cf60   0x00000028   Dbug   RW  3731     .debug_pubnames     drv_l1_cdsp.o
    0x0002cf88   0x00000020   Dbug   RW  3734     .debug_pubnames     drv_l1_cdsp.o
    0x0002cfa8   0x00000020   Dbug   RW  3737     .debug_pubnames     drv_l1_cdsp.o
    0x0002cfc8   0x00000020   Dbug   RW  3740     .debug_pubnames     drv_l1_cdsp.o
    0x0002cfe8   0x00000020   Dbug   RW  3743     .debug_pubnames     drv_l1_cdsp.o
    0x0002d008   0x00000034   Dbug   RW  3746     .debug_pubnames     drv_l1_cdsp.o
    0x0002d03c   0x00000024   Dbug   RW  3749     .debug_pubnames     drv_l1_cdsp.o
    0x0002d060   0x00000024   Dbug   RW  3752     .debug_pubnames     drv_l1_cdsp.o
    0x0002d084   0x00000024   Dbug   RW  3755     .debug_pubnames     drv_l1_cdsp.o
    0x0002d0a8   0x00000030   Dbug   RW  3758     .debug_pubnames     drv_l1_cdsp.o
    0x0002d0d8   0x0000002c   Dbug   RW  3761     .debug_pubnames     drv_l1_cdsp.o
    0x0002d104   0x0000002c   Dbug   RW  3764     .debug_pubnames     drv_l1_cdsp.o
    0x0002d130   0x0000002c   Dbug   RW  3767     .debug_pubnames     drv_l1_cdsp.o
    0x0002d15c   0x0000002c   Dbug   RW  3770     .debug_pubnames     drv_l1_cdsp.o
    0x0002d188   0x00000028   Dbug   RW  3773     .debug_pubnames     drv_l1_cdsp.o
    0x0002d1b0   0x00000028   Dbug   RW  3776     .debug_pubnames     drv_l1_cdsp.o
    0x0002d1d8   0x0000002c   Dbug   RW  3779     .debug_pubnames     drv_l1_cdsp.o
    0x0002d204   0x0000002c   Dbug   RW  3782     .debug_pubnames     drv_l1_cdsp.o
    0x0002d230   0x0000002c   Dbug   RW  3785     .debug_pubnames     drv_l1_cdsp.o
    0x0002d25c   0x0000002c   Dbug   RW  3788     .debug_pubnames     drv_l1_cdsp.o
    0x0002d288   0x0000002c   Dbug   RW  3791     .debug_pubnames     drv_l1_cdsp.o
    0x0002d2b4   0x00000028   Dbug   RW  3794     .debug_pubnames     drv_l1_cdsp.o
    0x0002d2dc   0x0000002c   Dbug   RW  3797     .debug_pubnames     drv_l1_cdsp.o
    0x0002d308   0x00000030   Dbug   RW  3800     .debug_pubnames     drv_l1_cdsp.o
    0x0002d338   0x00000028   Dbug   RW  3803     .debug_pubnames     drv_l1_cdsp.o
    0x0002d360   0x0000002c   Dbug   RW  3806     .debug_pubnames     drv_l1_cdsp.o
    0x0002d38c   0x0000002c   Dbug   RW  3809     .debug_pubnames     drv_l1_cdsp.o
    0x0002d3b8   0x0000002c   Dbug   RW  3812     .debug_pubnames     drv_l1_cdsp.o
    0x0002d3e4   0x0000002c   Dbug   RW  3815     .debug_pubnames     drv_l1_cdsp.o
    0x0002d410   0x00000028   Dbug   RW  3818     .debug_pubnames     drv_l1_cdsp.o
    0x0002d438   0x0000002c   Dbug   RW  3821     .debug_pubnames     drv_l1_cdsp.o
    0x0002d464   0x0000002c   Dbug   RW  3824     .debug_pubnames     drv_l1_cdsp.o
    0x0002d490   0x00000030   Dbug   RW  3827     .debug_pubnames     drv_l1_cdsp.o
    0x0002d4c0   0x00000030   Dbug   RW  3830     .debug_pubnames     drv_l1_cdsp.o
    0x0002d4f0   0x0000002c   Dbug   RW  3833     .debug_pubnames     drv_l1_cdsp.o
    0x0002d51c   0x00000030   Dbug   RW  3836     .debug_pubnames     drv_l1_cdsp.o
    0x0002d54c   0x0000002c   Dbug   RW  3839     .debug_pubnames     drv_l1_cdsp.o
    0x0002d578   0x0000002c   Dbug   RW  3842     .debug_pubnames     drv_l1_cdsp.o
    0x0002d5a4   0x00000030   Dbug   RW  3845     .debug_pubnames     drv_l1_cdsp.o
    0x0002d5d4   0x0000002c   Dbug   RW  3848     .debug_pubnames     drv_l1_cdsp.o
    0x0002d600   0x0000002c   Dbug   RW  3851     .debug_pubnames     drv_l1_cdsp.o
    0x0002d62c   0x0000002c   Dbug   RW  3854     .debug_pubnames     drv_l1_cdsp.o
    0x0002d658   0x00000030   Dbug   RW  3857     .debug_pubnames     drv_l1_cdsp.o
    0x0002d688   0x00000034   Dbug   RW  3860     .debug_pubnames     drv_l1_cdsp.o
    0x0002d6bc   0x00000030   Dbug   RW  3863     .debug_pubnames     drv_l1_cdsp.o
    0x0002d6ec   0x0000002c   Dbug   RW  3866     .debug_pubnames     drv_l1_cdsp.o
    0x0002d718   0x00000030   Dbug   RW  3869     .debug_pubnames     drv_l1_cdsp.o
    0x0002d748   0x0000002c   Dbug   RW  3872     .debug_pubnames     drv_l1_cdsp.o
    0x0002d774   0x0000002c   Dbug   RW  3875     .debug_pubnames     drv_l1_cdsp.o
    0x0002d7a0   0x0000002c   Dbug   RW  3878     .debug_pubnames     drv_l1_cdsp.o
    0x0002d7cc   0x00000030   Dbug   RW  3881     .debug_pubnames     drv_l1_cdsp.o
    0x0002d7fc   0x0000002c   Dbug   RW  3884     .debug_pubnames     drv_l1_cdsp.o
    0x0002d828   0x00000028   Dbug   RW  3887     .debug_pubnames     drv_l1_cdsp.o
    0x0002d850   0x00000028   Dbug   RW  3890     .debug_pubnames     drv_l1_cdsp.o
    0x0002d878   0x00000028   Dbug   RW  3893     .debug_pubnames     drv_l1_cdsp.o
    0x0002d8a0   0x00000028   Dbug   RW  3896     .debug_pubnames     drv_l1_cdsp.o
    0x0002d8c8   0x0000002c   Dbug   RW  3899     .debug_pubnames     drv_l1_cdsp.o
    0x0002d8f4   0x00000034   Dbug   RW  3902     .debug_pubnames     drv_l1_cdsp.o
    0x0002d928   0x00000028   Dbug   RW  3905     .debug_pubnames     drv_l1_cdsp.o
    0x0002d950   0x0000002c   Dbug   RW  3908     .debug_pubnames     drv_l1_cdsp.o
    0x0002d97c   0x0000002c   Dbug   RW  3911     .debug_pubnames     drv_l1_cdsp.o
    0x0002d9a8   0x00000030   Dbug   RW  3914     .debug_pubnames     drv_l1_cdsp.o
    0x0002d9d8   0x00000034   Dbug   RW  3917     .debug_pubnames     drv_l1_cdsp.o
    0x0002da0c   0x00000030   Dbug   RW  3920     .debug_pubnames     drv_l1_cdsp.o
    0x0002da3c   0x00000030   Dbug   RW  3923     .debug_pubnames     drv_l1_cdsp.o
    0x0002da6c   0x00000028   Dbug   RW  3926     .debug_pubnames     drv_l1_cdsp.o
    0x0002da94   0x0000002c   Dbug   RW  3929     .debug_pubnames     drv_l1_cdsp.o
    0x0002dac0   0x0000002c   Dbug   RW  3932     .debug_pubnames     drv_l1_cdsp.o
    0x0002daec   0x00000030   Dbug   RW  3935     .debug_pubnames     drv_l1_cdsp.o
    0x0002db1c   0x00000030   Dbug   RW  3938     .debug_pubnames     drv_l1_cdsp.o
    0x0002db4c   0x0000002c   Dbug   RW  3941     .debug_pubnames     drv_l1_cdsp.o
    0x0002db78   0x0000002c   Dbug   RW  3944     .debug_pubnames     drv_l1_cdsp.o
    0x0002dba4   0x0000002c   Dbug   RW  3947     .debug_pubnames     drv_l1_cdsp.o
    0x0002dbd0   0x00000028   Dbug   RW  3950     .debug_pubnames     drv_l1_cdsp.o
    0x0002dbf8   0x00000030   Dbug   RW  3953     .debug_pubnames     drv_l1_cdsp.o
    0x0002dc28   0x0000002c   Dbug   RW  3956     .debug_pubnames     drv_l1_cdsp.o
    0x0002dc54   0x0000002c   Dbug   RW  3959     .debug_pubnames     drv_l1_cdsp.o
    0x0002dc80   0x0000002c   Dbug   RW  3962     .debug_pubnames     drv_l1_cdsp.o
    0x0002dcac   0x00000028   Dbug   RW  3965     .debug_pubnames     drv_l1_cdsp.o
    0x0002dcd4   0x00000028   Dbug   RW  3968     .debug_pubnames     drv_l1_cdsp.o
    0x0002dcfc   0x00000028   Dbug   RW  3971     .debug_pubnames     drv_l1_cdsp.o
    0x0002dd24   0x00000028   Dbug   RW  3974     .debug_pubnames     drv_l1_cdsp.o
    0x0002dd4c   0x00000028   Dbug   RW  3977     .debug_pubnames     drv_l1_cdsp.o
    0x0002dd74   0x00000028   Dbug   RW  3980     .debug_pubnames     drv_l1_cdsp.o
    0x0002dd9c   0x00000024   Dbug   RW  3983     .debug_pubnames     drv_l1_cdsp.o
    0x0002ddc0   0x00000028   Dbug   RW  3986     .debug_pubnames     drv_l1_cdsp.o
    0x0002dde8   0x00000028   Dbug   RW  3989     .debug_pubnames     drv_l1_cdsp.o
    0x0002de10   0x0000002c   Dbug   RW  3992     .debug_pubnames     drv_l1_cdsp.o
    0x0002de3c   0x0000002c   Dbug   RW  3995     .debug_pubnames     drv_l1_cdsp.o
    0x0002de68   0x0000002c   Dbug   RW  3998     .debug_pubnames     drv_l1_cdsp.o
    0x0002de94   0x00000028   Dbug   RW  4001     .debug_pubnames     drv_l1_cdsp.o
    0x0002debc   0x00000028   Dbug   RW  4004     .debug_pubnames     drv_l1_cdsp.o
    0x0002dee4   0x00000028   Dbug   RW  4007     .debug_pubnames     drv_l1_cdsp.o
    0x0002df0c   0x00000030   Dbug   RW  4010     .debug_pubnames     drv_l1_cdsp.o
    0x0002df3c   0x0000002c   Dbug   RW  4013     .debug_pubnames     drv_l1_cdsp.o
    0x0002df68   0x00000028   Dbug   RW  4016     .debug_pubnames     drv_l1_cdsp.o
    0x0002df90   0x0000002c   Dbug   RW  4019     .debug_pubnames     drv_l1_cdsp.o
    0x0002dfbc   0x00000028   Dbug   RW  4022     .debug_pubnames     drv_l1_cdsp.o
    0x0002dfe4   0x0000002c   Dbug   RW  4025     .debug_pubnames     drv_l1_cdsp.o
    0x0002e010   0x00000028   Dbug   RW  4028     .debug_pubnames     drv_l1_cdsp.o
    0x0002e038   0x00000028   Dbug   RW  4031     .debug_pubnames     drv_l1_cdsp.o
    0x0002e060   0x00000030   Dbug   RW  4034     .debug_pubnames     drv_l1_cdsp.o
    0x0002e090   0x0000002c   Dbug   RW  4037     .debug_pubnames     drv_l1_cdsp.o
    0x0002e0bc   0x00000028   Dbug   RW  4040     .debug_pubnames     drv_l1_cdsp.o
    0x0002e0e4   0x00000028   Dbug   RW  4043     .debug_pubnames     drv_l1_cdsp.o
    0x0002e10c   0x0000002c   Dbug   RW  4046     .debug_pubnames     drv_l1_cdsp.o
    0x0002e138   0x0000002c   Dbug   RW  4049     .debug_pubnames     drv_l1_cdsp.o
    0x0002e164   0x0000002c   Dbug   RW  4052     .debug_pubnames     drv_l1_cdsp.o
    0x0002e190   0x0000002c   Dbug   RW  4055     .debug_pubnames     drv_l1_cdsp.o
    0x0002e1bc   0x00000028   Dbug   RW  4058     .debug_pubnames     drv_l1_cdsp.o
    0x0002e1e4   0x0000002c   Dbug   RW  4061     .debug_pubnames     drv_l1_cdsp.o
    0x0002e210   0x0000002c   Dbug   RW  4064     .debug_pubnames     drv_l1_cdsp.o
    0x0002e23c   0x00000030   Dbug   RW  4067     .debug_pubnames     drv_l1_cdsp.o
    0x0002e26c   0x0000002c   Dbug   RW  4070     .debug_pubnames     drv_l1_cdsp.o
    0x0002e298   0x00000028   Dbug   RW  4073     .debug_pubnames     drv_l1_cdsp.o
    0x0002e2c0   0x00000024   Dbug   RW  4076     .debug_pubnames     drv_l1_cdsp.o
    0x0002e2e4   0x00000034   Dbug   RW  4079     .debug_pubnames     drv_l1_cdsp.o
    0x0002e318   0x0000002c   Dbug   RW  4082     .debug_pubnames     drv_l1_cdsp.o
    0x0002e344   0x00000030   Dbug   RW  4085     .debug_pubnames     drv_l1_cdsp.o
    0x0002e374   0x0000002c   Dbug   RW  4088     .debug_pubnames     drv_l1_cdsp.o
    0x0002e3a0   0x0000002c   Dbug   RW  4091     .debug_pubnames     drv_l1_cdsp.o
    0x0002e3cc   0x0000002c   Dbug   RW  4094     .debug_pubnames     drv_l1_cdsp.o
    0x0002e3f8   0x0000002c   Dbug   RW  4097     .debug_pubnames     drv_l1_cdsp.o
    0x0002e424   0x0000002c   Dbug   RW  4100     .debug_pubnames     drv_l1_cdsp.o
    0x0002e450   0x0000002c   Dbug   RW  4103     .debug_pubnames     drv_l1_cdsp.o
    0x0002e47c   0x0000002c   Dbug   RW  4106     .debug_pubnames     drv_l1_cdsp.o
    0x0002e4a8   0x0000002c   Dbug   RW  4109     .debug_pubnames     drv_l1_cdsp.o
    0x0002e4d4   0x00000030   Dbug   RW  4112     .debug_pubnames     drv_l1_cdsp.o
    0x0002e504   0x00000030   Dbug   RW  4115     .debug_pubnames     drv_l1_cdsp.o
    0x0002e534   0x00000038   Dbug   RW  4118     .debug_pubnames     drv_l1_cdsp.o
    0x0002e56c   0x00000030   Dbug   RW  4121     .debug_pubnames     drv_l1_cdsp.o
    0x0002e59c   0x0000002c   Dbug   RW  4124     .debug_pubnames     drv_l1_cdsp.o
    0x0002e5c8   0x0000002c   Dbug   RW  4127     .debug_pubnames     drv_l1_cdsp.o
    0x0002e5f4   0x00000030   Dbug   RW  4130     .debug_pubnames     drv_l1_cdsp.o
    0x0002e624   0x00000030   Dbug   RW  4133     .debug_pubnames     drv_l1_cdsp.o
    0x0002e654   0x00000030   Dbug   RW  4136     .debug_pubnames     drv_l1_cdsp.o
    0x0002e684   0x00000030   Dbug   RW  4139     .debug_pubnames     drv_l1_cdsp.o
    0x0002e6b4   0x0000002c   Dbug   RW  4142     .debug_pubnames     drv_l1_cdsp.o
    0x0002e6e0   0x00000030   Dbug   RW  4145     .debug_pubnames     drv_l1_cdsp.o
    0x0002e710   0x0000002c   Dbug   RW  4148     .debug_pubnames     drv_l1_cdsp.o
    0x0002e73c   0x00000020   Dbug   RW  4151     .debug_pubnames     drv_l1_cdsp.o
    0x0002e75c   0x00000028   Dbug   RW  4154     .debug_pubnames     drv_l1_cdsp.o
    0x0002e784   0x00000028   Dbug   RW  4157     .debug_pubnames     drv_l1_cdsp.o
    0x0002e7ac   0x0000010c   Dbug   RW  4160     .debug_pubnames     drv_l1_cdsp.o
    0x0002e8b8   0x0000130c   Dbug   RW  4164     .debug_pubnames     drv_l1_cdsp.o
    0x0002fbc4   0x00000024   Dbug   RW  4172     .debug_pubnames     drv_l1_front.o
    0x0002fbe8   0x0000002c   Dbug   RW  4175     .debug_pubnames     drv_l1_front.o
    0x0002fc14   0x0000002c   Dbug   RW  4178     .debug_pubnames     drv_l1_front.o
    0x0002fc40   0x0000002c   Dbug   RW  4181     .debug_pubnames     drv_l1_front.o
    0x0002fc6c   0x00000030   Dbug   RW  4184     .debug_pubnames     drv_l1_front.o
    0x0002fc9c   0x00000030   Dbug   RW  4187     .debug_pubnames     drv_l1_front.o
    0x0002fccc   0x00000030   Dbug   RW  4190     .debug_pubnames     drv_l1_front.o
    0x0002fcfc   0x00000028   Dbug   RW  4193     .debug_pubnames     drv_l1_front.o
    0x0002fd24   0x00000028   Dbug   RW  4196     .debug_pubnames     drv_l1_front.o
    0x0002fd4c   0x0000002c   Dbug   RW  4199     .debug_pubnames     drv_l1_front.o
    0x0002fd78   0x00000028   Dbug   RW  4202     .debug_pubnames     drv_l1_front.o
    0x0002fda0   0x0000002c   Dbug   RW  4205     .debug_pubnames     drv_l1_front.o
    0x0002fdcc   0x00000028   Dbug   RW  4208     .debug_pubnames     drv_l1_front.o
    0x0002fdf4   0x0000002c   Dbug   RW  4211     .debug_pubnames     drv_l1_front.o
    0x0002fe20   0x00000028   Dbug   RW  4214     .debug_pubnames     drv_l1_front.o
    0x0002fe48   0x00000028   Dbug   RW  4217     .debug_pubnames     drv_l1_front.o
    0x0002fe70   0x0000002c   Dbug   RW  4220     .debug_pubnames     drv_l1_front.o
    0x0002fe9c   0x00000028   Dbug   RW  4223     .debug_pubnames     drv_l1_front.o
    0x0002fec4   0x0000002c   Dbug   RW  4226     .debug_pubnames     drv_l1_front.o
    0x0002fef0   0x0000002c   Dbug   RW  4229     .debug_pubnames     drv_l1_front.o
    0x0002ff1c   0x00000030   Dbug   RW  4232     .debug_pubnames     drv_l1_front.o
    0x0002ff4c   0x00000030   Dbug   RW  4235     .debug_pubnames     drv_l1_front.o
    0x0002ff7c   0x0000002c   Dbug   RW  4238     .debug_pubnames     drv_l1_front.o
    0x0002ffa8   0x00000030   Dbug   RW  4241     .debug_pubnames     drv_l1_front.o
    0x0002ffd8   0x00000030   Dbug   RW  4244     .debug_pubnames     drv_l1_front.o
    0x00030008   0x00000294   Dbug   RW  4250     .debug_pubnames     drv_l1_front.o
    0x0003029c   0x000001ac   Dbug   RW  4255     .debug_pubnames     drv_l1_front.o
    0x00030448   0x00000028   Dbug   RW  4261     .debug_pubnames     drv_l2_cdsp.o
    0x00030470   0x0000002c   Dbug   RW  4264     .debug_pubnames     drv_l2_cdsp.o
    0x0003049c   0x0000002c   Dbug   RW  4267     .debug_pubnames     drv_l2_cdsp.o
    0x000304c8   0x00000028   Dbug   RW  4270     .debug_pubnames     drv_l2_cdsp.o
    0x000304f0   0x00000028   Dbug   RW  4273     .debug_pubnames     drv_l2_cdsp.o
    0x00030518   0x00000028   Dbug   RW  4276     .debug_pubnames     drv_l2_cdsp.o
    0x00030540   0x0000002c   Dbug   RW  4279     .debug_pubnames     drv_l2_cdsp.o
    0x0003056c   0x0000002c   Dbug   RW  4282     .debug_pubnames     drv_l2_cdsp.o
    0x00030598   0x0000002c   Dbug   RW  4285     .debug_pubnames     drv_l2_cdsp.o
    0x000305c4   0x00000028   Dbug   RW  4288     .debug_pubnames     drv_l2_cdsp.o
    0x000305ec   0x0000002c   Dbug   RW  4291     .debug_pubnames     drv_l2_cdsp.o
    0x00030618   0x00000038   Dbug   RW  4294     .debug_pubnames     drv_l2_cdsp.o
    0x00030650   0x00000024   Dbug   RW  4297     .debug_pubnames     drv_l2_cdsp.o
    0x00030674   0x0000002c   Dbug   RW  4300     .debug_pubnames     drv_l2_cdsp.o
    0x000306a0   0x0000002c   Dbug   RW  4303     .debug_pubnames     drv_l2_cdsp.o
    0x000306cc   0x0000002c   Dbug   RW  4306     .debug_pubnames     drv_l2_cdsp.o
    0x000306f8   0x00000024   Dbug   RW  4309     .debug_pubnames     drv_l2_cdsp.o
    0x0003071c   0x00000028   Dbug   RW  4312     .debug_pubnames     drv_l2_cdsp.o
    0x00030744   0x0000002c   Dbug   RW  4315     .debug_pubnames     drv_l2_cdsp.o
    0x00030770   0x00000028   Dbug   RW  4318     .debug_pubnames     drv_l2_cdsp.o
    0x00030798   0x00000030   Dbug   RW  4321     .debug_pubnames     drv_l2_cdsp.o
    0x000307c8   0x00000024   Dbug   RW  4324     .debug_pubnames     drv_l2_cdsp.o
    0x000307ec   0x00000030   Dbug   RW  4327     .debug_pubnames     drv_l2_cdsp.o
    0x0003081c   0x00000234   Dbug   RW  4330     .debug_pubnames     drv_l2_cdsp.o
    0x00030a50   0x00000478   Dbug   RW  4334     .debug_pubnames     drv_l2_cdsp.o
    0x00030ec8   0x00000070   Dbug   RW  4353     .debug_pubnames     sensor_isp_table.o
    0x00030f38   0x00000020   Dbug   RW  4366     .debug_pubnames     drv_l1_gsensor.o
    0x00030f58   0x00000020   Dbug   RW  4369     .debug_pubnames     drv_l1_gsensor.o
    0x00030f78   0x00000020   Dbug   RW  4372     .debug_pubnames     drv_l1_gsensor.o
    0x00030f98   0x00000024   Dbug   RW  4375     .debug_pubnames     drv_l1_gsensor.o
    0x00030fbc   0x00000028   Dbug   RW  4378     .debug_pubnames     drv_l1_gsensor.o
    0x00030fe4   0x00000024   Dbug   RW  4381     .debug_pubnames     drv_l1_gsensor.o
    0x00031008   0x00000028   Dbug   RW  4384     .debug_pubnames     drv_l1_gsensor.o
    0x00031030   0x00000024   Dbug   RW  4387     .debug_pubnames     drv_l1_gsensor.o
    0x00031054   0x00000024   Dbug   RW  4390     .debug_pubnames     drv_l1_gsensor.o
    0x00031078   0x00000038   Dbug   RW  4393     .debug_pubnames     drv_l1_gsensor.o
    0x000310b0   0x00000038   Dbug   RW  4396     .debug_pubnames     drv_l1_gsensor.o
    0x000310e8   0x00000030   Dbug   RW  4399     .debug_pubnames     drv_l1_gsensor.o
    0x00031118   0x00000030   Dbug   RW  4402     .debug_pubnames     drv_l1_gsensor.o
    0x00031148   0x00000030   Dbug   RW  4405     .debug_pubnames     drv_l1_gsensor.o
    0x00031178   0x0000003c   Dbug   RW  4408     .debug_pubnames     drv_l1_gsensor.o
    0x000311b4   0x00000024   Dbug   RW  4411     .debug_pubnames     drv_l1_gsensor.o
    0x000311d8   0x00000030   Dbug   RW  4414     .debug_pubnames     drv_l1_gsensor.o
    0x00031208   0x0000002c   Dbug   RW  4417     .debug_pubnames     drv_l1_gsensor.o
    0x00031234   0x0000002c   Dbug   RW  4420     .debug_pubnames     drv_l1_gsensor.o
    0x00031260   0x00000038   Dbug   RW  4423     .debug_pubnames     drv_l1_gsensor.o
    0x00031298   0x00000274   Dbug   RW  4427     .debug_pubnames     drv_l1_gsensor.o
    0x0003150c   0x00000020   Dbug   RW  4444     .debug_pubnames     spi_flash_disk.o
    0x0003152c   0x00000034   Dbug   RW  4447     .debug_pubnames     spi_flash_disk.o
    0x00031560   0x0000007c   Dbug   RW  4454     .debug_pubnames     spi_flash_disk.o
    0x000315dc   0x0000001c   Dbug   RW  4458     .debug_pubnames     spi_flash_disk.o
    0x000315f8   0x0000001c   Dbug   RW  4462     .debug_pubnames     spi_flash_disk.o
    0x00031614   0x0000002c   Dbug   RW  4466     .debug_pubnames     spi_flash_disk.o
    0x00031640   0x00000068   Dbug   RW  4474     .debug_pubnames     spi_flash_disk.o
    0x000316a8   0x0000009c   Dbug   RW  4478     .debug_pubnames     spi_flash_disk.o
    0x00031744   0x00000020   Dbug   RW  4482     .debug_pubnames     spi_flash_disk.o
    0x00031764   0x00000030   Dbug   RW  4513     .debug_pubnames     drv_struct.o
    0x00031794   0x00000030   Dbug   RW  4519     .debug_pubnames     fs_drv_manager.o
    0x000317c4   0x00000034   Dbug   RW  4522     .debug_pubnames     fs_drv_manager.o
    0x000317f8   0x00000034   Dbug   RW  4525     .debug_pubnames     fs_drv_manager.o
    0x0003182c   0x00000030   Dbug   RW  4528     .debug_pubnames     fs_drv_manager.o
    0x0003185c   0x00000030   Dbug   RW  4531     .debug_pubnames     fs_drv_manager.o
    0x0003188c   0x00000034   Dbug   RW  4534     .debug_pubnames     fs_drv_manager.o
    0x000318c0   0x00000048   Dbug   RW  4537     .debug_pubnames     fs_drv_manager.o
    0x00031908   0x000000cc   Dbug   RW  4541     .debug_pubnames     fs_drv_manager.o
    0x000319d4   0x00000034   Dbug   RW  4549     .debug_pubnames     sd.o
    0x00031a08   0x0000002c   Dbug   RW  4552     .debug_pubnames     sd.o
    0x00031a34   0x0000002c   Dbug   RW  4555     .debug_pubnames     sd.o
    0x00031a60   0x00000024   Dbug   RW  4558     .debug_pubnames     sd.o
    0x00031a84   0x00000024   Dbug   RW  4561     .debug_pubnames     sd.o
    0x00031aa8   0x00000024   Dbug   RW  4564     .debug_pubnames     sd.o
    0x00031acc   0x00000024   Dbug   RW  4567     .debug_pubnames     sd.o
    0x00031af0   0x00000028   Dbug   RW  4570     .debug_pubnames     sd.o
    0x00031b18   0x00000020   Dbug   RW  4573     .debug_pubnames     sd.o
    0x00031b38   0x00000024   Dbug   RW  4576     .debug_pubnames     sd.o
    0x00031b5c   0x00000028   Dbug   RW  4579     .debug_pubnames     sd.o
    0x00031b84   0x00000024   Dbug   RW  4582     .debug_pubnames     sd.o
    0x00031ba8   0x000000d8   Dbug   RW  4585     .debug_pubnames     sd.o
    0x00031c80   0x00000150   Dbug   RW  4589     .debug_pubnames     sd.o
    0x00031dd0   0x00000024   Dbug   RW  4615     .debug_pubnames     fs_os.o
    0x00031df4   0x00000024   Dbug   RW  4618     .debug_pubnames     fs_os.o
    0x00031e18   0x00000024   Dbug   RW  4621     .debug_pubnames     fs_os.o
    0x00031e3c   0x00000024   Dbug   RW  4624     .debug_pubnames     fs_os.o
    0x00031e60   0x0000002c   Dbug   RW  4627     .debug_pubnames     fs_os.o
    0x00031e8c   0x0000002c   Dbug   RW  4630     .debug_pubnames     fs_os.o
    0x00031eb8   0x00000024   Dbug   RW  4633     .debug_pubnames     fs_os.o
    0x00031edc   0x00000024   Dbug   RW  4636     .debug_pubnames     fs_os.o
    0x00031f00   0x000000a8   Dbug   RW  4642     .debug_pubnames     fs_os.o
    0x00031fa8   0x00000344   Dbug   RW  4646     .debug_pubnames     fs_os.o
    0x000322ec   0x00000110   Dbug   RW  4667     .debug_pubnames     fsglobalvar.o
    0x000323fc   0x00000344   Dbug   RW  4670     .debug_pubnames     fsglobalvar.o
    0x00032740   0x00000020   Dbug   RW  4674     .debug_pubnames     swap_byte.o
    0x00032760   0x00000020   Dbug   RW  4677     .debug_pubnames     swap_byte.o
    0x00032780   0x00000020   Dbug   RW  4680     .debug_pubnames     swap_byte.o
    0x000327a0   0x00000020   Dbug   RW  4683     .debug_pubnames     swap_byte.o
    0x000327c0   0x00000028   Dbug   RW  4686     .debug_pubnames     swap_byte.o
    0x000327e8   0x00000058   Dbug   RW  4692     .debug_pubnames     swap_byte.o
    0x00032840   0x0000002c   Dbug   RW  4705     .debug_pubnames     sensor_gc1004.o
    0x0003286c   0x00000034   Dbug   RW  4708     .debug_pubnames     sensor_gc1004.o
    0x000328a0   0x00000030   Dbug   RW  4711     .debug_pubnames     sensor_gc1004.o
    0x000328d0   0x00000030   Dbug   RW  4714     .debug_pubnames     sensor_gc1004.o
    0x00032900   0x00000030   Dbug   RW  4717     .debug_pubnames     sensor_gc1004.o
    0x00032930   0x0000002c   Dbug   RW  4720     .debug_pubnames     sensor_gc1004.o
    0x0003295c   0x00000034   Dbug   RW  4723     .debug_pubnames     sensor_gc1004.o
    0x00032990   0x00000030   Dbug   RW  4726     .debug_pubnames     sensor_gc1004.o
    0x000329c0   0x00000028   Dbug   RW  4729     .debug_pubnames     sensor_gc1004.o
    0x000329e8   0x00000030   Dbug   RW  4732     .debug_pubnames     sensor_gc1004.o
    0x00032a18   0x00000030   Dbug   RW  4735     .debug_pubnames     sensor_gc1004.o
    0x00032a48   0x00000024   Dbug   RW  4738     .debug_pubnames     sensor_gc1004.o
    0x00032a6c   0x000000c0   Dbug   RW  4741     .debug_pubnames     sensor_gc1004.o
    0x00032b2c   0x000001c8   Dbug   RW  4745     .debug_pubnames     sensor_gc1004.o
    0x00032cf4   0x00000224   Dbug   RW  4750     .debug_pubnames     sensor_gc1004.o
    0x00032f18   0x00000024   Dbug   RW  4756     .debug_pubnames     drv_l1_ext_mode.o
    0x00032f3c   0x00000030   Dbug   RW  4759     .debug_pubnames     drv_l1_ext_mode.o
    0x00032f6c   0x00000028   Dbug   RW  4762     .debug_pubnames     drv_l1_ext_mode.o
    0x00032f94   0x00000028   Dbug   RW  4765     .debug_pubnames     drv_l1_ext_mode.o
    0x00032fbc   0x00000028   Dbug   RW  4768     .debug_pubnames     drv_l1_ext_mode.o
    0x00032fe4   0x0000007c   Dbug   RW  4772     .debug_pubnames     drv_l1_ext_mode.o
    0x00033060   0x00001314   Dbug   RW  4776     .debug_pubnames     drv_l1_ext_mode.o
    0x00034374   0x00000030   Dbug   RW  4782     .debug_pubnames     drv_l2_sd.o
    0x000343a4   0x00000030   Dbug   RW  4785     .debug_pubnames     drv_l2_sd.o
    0x000343d4   0x00000030   Dbug   RW  4788     .debug_pubnames     drv_l2_sd.o
    0x00034404   0x00000030   Dbug   RW  4791     .debug_pubnames     drv_l2_sd.o
    0x00034434   0x00000030   Dbug   RW  4794     .debug_pubnames     drv_l2_sd.o
    0x00034464   0x00000034   Dbug   RW  4797     .debug_pubnames     drv_l2_sd.o
    0x00034498   0x00000034   Dbug   RW  4800     .debug_pubnames     drv_l2_sd.o
    0x000344cc   0x00000034   Dbug   RW  4803     .debug_pubnames     drv_l2_sd.o
    0x00034500   0x00000038   Dbug   RW  4806     .debug_pubnames     drv_l2_sd.o
    0x00034538   0x0000002c   Dbug   RW  4809     .debug_pubnames     drv_l2_sd.o
    0x00034564   0x0000002c   Dbug   RW  4812     .debug_pubnames     drv_l2_sd.o
    0x00034590   0x0000002c   Dbug   RW  4815     .debug_pubnames     drv_l2_sd.o
    0x000345bc   0x0000002c   Dbug   RW  4818     .debug_pubnames     drv_l2_sd.o
    0x000345e8   0x0000002c   Dbug   RW  4821     .debug_pubnames     drv_l2_sd.o
    0x00034614   0x0000002c   Dbug   RW  4824     .debug_pubnames     drv_l2_sd.o
    0x00034640   0x0000002c   Dbug   RW  4827     .debug_pubnames     drv_l2_sd.o
    0x0003466c   0x00000030   Dbug   RW  4830     .debug_pubnames     drv_l2_sd.o
    0x0003469c   0x00000128   Dbug   RW  4833     .debug_pubnames     drv_l2_sd.o
    0x000347c4   0x0000027c   Dbug   RW  4837     .debug_pubnames     drv_l2_sd.o
    0x00034a40   0x00000028   Dbug   RW  4862     .debug_pubnames     video_codec_dynamic_jpeg_Q.o
    0x00034a68   0x00000038   Dbug   RW  4869     .debug_pubnames     ap_jh_message.o
    0x00034aa0   0x00000034   Dbug   RW  4872     .debug_pubnames     ap_jh_message.o
    0x00034ad4   0x00000030   Dbug   RW  4875     .debug_pubnames     ap_jh_message.o
    0x00034b04   0x00000040   Dbug   RW  4878     .debug_pubnames     ap_jh_message.o
    0x00034b44   0x00000044   Dbug   RW  4882     .debug_pubnames     ap_jh_message.o


================================================================================

Image component sizes


      Code    RO Data    RW Data    ZI Data      Debug   

    122496       8171       3705      41025    1250772   Object Totals
    151096       6111        809      27397      39284   Library Totals

================================================================================


      Code    RO Data    RW Data    ZI Data      Debug   

    273592      14282       4514      68422    1290056   Grand Totals

================================================================================

    Total RO  Size(Code + RO Data)               287874 ( 281.13kB)
    Total RW  Size(RW Data + ZI Data)             72936 (  71.23kB)
    Total ROM Size(Code + RO Data + RW Data)     292388 ( 285.54kB)

================================================================================

